2026-09-11T00:01:34.6742606Z Current runner version: '2.337.0'
2026-09-11T00:01:34.6779075Z ##[group]Runner Image Provisioner
2026-09-11T00:01:34.6780463Z Hosted Compute Agent
2026-09-11T00:01:34.6781987Z Version: 20260828.587
2026-09-11T00:01:34.6783165Z Commit: abac92662cab4cc7352de4f9f9d2e2419aad9c29
2026-09-11T00:01:34.6784776Z Build Date: 2026-08-28T16:44:25Z
2026-09-11T00:01:34.6786273Z Worker ID: {bdc5c2f4-063c-4947-acb4-0e38ed7cbc02}
2026-09-11T00:01:34.6787591Z Azure Region: eastus
2026-09-11T00:01:34.6788757Z ##[endgroup]
2026-09-11T00:01:34.6791603Z ##[group]Operating System
2026-09-11T00:01:34.6792873Z Ubuntu
2026-09-11T00:01:34.6793908Z 24.04.5
2026-09-11T00:01:34.6794995Z LTS
2026-09-11T00:01:34.6795947Z ##[endgroup]
2026-09-11T00:01:34.6796930Z ##[group]Runner Image
2026-09-11T00:01:34.6798186Z Image: ubuntu-24.04
2026-09-11T00:01:34.6799238Z Version: 20260907.300.1
2026-09-11T00:01:34.6801715Z Included Software: https://github.com/actions/runner-images/blob/ubuntu24/20260907.300/images/ubuntu/Ubuntu2404-Readme.md
2026-09-11T00:01:34.6804446Z Image Release: https://github.com/actions/runner-images/releases/tag/ubuntu24%2F20260907.300
2026-09-11T00:01:34.6806193Z ##[endgroup]
2026-09-11T00:01:34.6808078Z ##[group]GITHUB_TOKEN Permissions
2026-09-11T00:01:34.6810926Z Contents: read
2026-09-11T00:01:34.6812284Z Metadata: read
2026-09-11T00:01:34.6813285Z ##[endgroup]
2026-09-11T00:01:34.6816351Z Secret source: Actions
2026-09-11T00:01:34.6818063Z Cache mode: write
2026-09-11T00:01:34.6819713Z Prepare workflow directory
2026-09-11T00:01:34.7311926Z Prepare all required actions
2026-09-11T00:01:34.7384879Z Getting action download info
2026-09-11T00:01:34.9028241Z Download action repository 'actions/checkout@v7' (SHA:3d3c42e5aac5ba805825da76410c181273ba90b1)
2026-09-11T00:01:35.0136017Z Download action repository 'astral-sh/setup-uv@v7' (SHA:37802adc94f370d6bfd71619e3f0bf239e1f3b78)
2026-09-11T00:01:35.2025701Z Download action repository 'actions/setup-python@v7' (SHA:5fda3b95a4ea91299a34e894583c3862153e4b97)
2026-09-11T00:01:35.2863589Z Download action repository 'actions/upload-artifact@v4' (SHA:ea165f8d65b6e75b540449e92b4886f43607fa02)
2026-09-11T00:01:35.4991429Z Complete job name: Synthetic Python 3.14
2026-09-11T00:01:35.5764262Z ##[group]Run actions/checkout@v7
2026-09-11T00:01:35.5765136Z with:
2026-09-11T00:01:35.5765586Z   persist-credentials: false
2026-09-11T00:01:35.5766205Z   repository: leonardosovienski/brasileirao-predictor
2026-09-11T00:01:35.5770323Z   token: ***
2026-09-11T00:01:35.5770753Z   ssh-strict: true
2026-09-11T00:01:35.5771402Z   ssh-user: git
2026-09-11T00:01:35.5771836Z   clean: true
2026-09-11T00:01:35.5772283Z   sparse-checkout-cone-mode: true
2026-09-11T00:01:35.5772809Z   fetch-depth: 1
2026-09-11T00:01:35.5773250Z   fetch-tags: false
2026-09-11T00:01:35.5773693Z   show-progress: true
2026-09-11T00:01:35.5774155Z   lfs: false
2026-09-11T00:01:35.5774565Z   submodules: false
2026-09-11T00:01:35.5775019Z   set-safe-directory: true
2026-09-11T00:01:35.5775531Z   allow-unsafe-pr-checkout: false
2026-09-11T00:01:35.5776379Z ##[endgroup]
2026-09-11T00:01:35.6787150Z Syncing repository: leonardosovienski/brasileirao-predictor
2026-09-11T00:01:35.6790667Z ##[group]Getting Git version info
2026-09-11T00:01:35.6792615Z Working directory is '/home/runner/work/brasileirao-predictor/brasileirao-predictor'
2026-09-11T00:01:35.6797111Z [command]/usr/bin/git version
2026-09-11T00:01:35.6949380Z git version 2.55.0
2026-09-11T00:01:35.6976432Z ##[endgroup]
2026-09-11T00:01:35.6984881Z Temporarily overriding HOME='/home/runner/work/_temp/588bdcc8-3df6-4660-a828-2da57decd0f1' before making global git config changes
2026-09-11T00:01:35.7002076Z Adding repository directory to the temporary git global config as a safe directory
2026-09-11T00:01:35.7004575Z [command]/usr/bin/git config --global --add safe.directory /home/runner/work/brasileirao-predictor/brasileirao-predictor
2026-09-11T00:01:35.7073504Z Deleting the contents of '/home/runner/work/brasileirao-predictor/brasileirao-predictor'
2026-09-11T00:01:35.7076183Z ##[group]Determining repository object format
2026-09-11T00:01:35.7078278Z ##[endgroup]
2026-09-11T00:01:35.7079691Z ##[group]Initializing the repository
2026-09-11T00:01:35.7092561Z [command]/usr/bin/git init /home/runner/work/brasileirao-predictor/brasileirao-predictor
2026-09-11T00:01:35.7250040Z hint: Using 'master' as the name for the initial branch. This default branch name
2026-09-11T00:01:35.7252114Z hint: will change to "main" in Git 3.0. To configure the initial branch name
2026-09-11T00:01:35.7253657Z hint: to use in all of your new repositories, which will suppress this warning,
2026-09-11T00:01:35.7254920Z hint: call:
2026-09-11T00:01:35.7257225Z hint:
2026-09-11T00:01:35.7258674Z hint: 	git config --global init.defaultBranch <name>
2026-09-11T00:01:35.7262768Z hint:
2026-09-11T00:01:35.7264395Z hint: Names commonly chosen instead of 'master' are 'main', 'trunk' and
2026-09-11T00:01:35.7266468Z hint: 'development'. The just-created branch can be renamed via this command:
2026-09-11T00:01:35.7268125Z hint:
2026-09-11T00:01:35.7269155Z hint: 	git branch -m <name>
2026-09-11T00:01:35.7269941Z hint:
2026-09-11T00:01:35.7271883Z hint: Disable this message with "git config set advice.defaultBranchName false"
2026-09-11T00:01:35.7274017Z Initialized empty Git repository in /home/runner/work/brasileirao-predictor/brasileirao-predictor/.git/
2026-09-11T00:01:35.7277170Z [command]/usr/bin/git remote add origin https://github.com/leonardosovienski/brasileirao-predictor
2026-09-11T00:01:35.7336611Z ##[endgroup]
2026-09-11T00:01:35.7338093Z ##[group]Disabling automatic garbage collection
2026-09-11T00:01:35.7340757Z [command]/usr/bin/git config --local gc.auto 0
2026-09-11T00:01:35.7375406Z ##[endgroup]
2026-09-11T00:01:35.7376732Z ##[group]Setting up auth
2026-09-11T00:01:35.7377611Z Removing SSH command configuration
2026-09-11T00:01:35.7382916Z [command]/usr/bin/git config --local --name-only --get-regexp core\.sshCommand
2026-09-11T00:01:35.7416124Z [command]/usr/bin/git submodule foreach --recursive sh -c "git config --local --name-only --get-regexp 'core\.sshCommand' && git config --local --unset-all 'core.sshCommand' || :"
2026-09-11T00:01:35.7817597Z Removing HTTP extra header
2026-09-11T00:01:35.7819953Z [command]/usr/bin/git config --local --name-only --get-regexp http\.https\:\/\/github\.com\/\.extraheader
2026-09-11T00:01:35.7859819Z [command]/usr/bin/git submodule foreach --recursive sh -c "git config --local --name-only --get-regexp 'http\.https\:\/\/github\.com\/\.extraheader' && git config --local --unset-all 'http.https://github.com/.extraheader' || :"
2026-09-11T00:01:35.8143891Z Removing includeIf entries pointing to credentials config files
2026-09-11T00:01:35.8152900Z [command]/usr/bin/git config --local --name-only --get-regexp ^includeIf\.gitdir:
2026-09-11T00:01:35.8192543Z [command]/usr/bin/git submodule foreach --recursive git config --local --show-origin --name-only --get-regexp remote.origin.url
2026-09-11T00:01:35.8417131Z [command]/usr/bin/git config --file /home/runner/work/_temp/git-credentials-9718488d-bda5-45b1-86c5-b84c8966461d.config http.https://github.com/.extraheader AUTHORIZATION: basic ***
2026-09-11T00:01:35.8457326Z [command]/usr/bin/git config --local includeIf.gitdir:/home/runner/work/brasileirao-predictor/brasileirao-predictor/.git.path /home/runner/work/_temp/git-credentials-9718488d-bda5-45b1-86c5-b84c8966461d.config
2026-09-11T00:01:35.8492374Z [command]/usr/bin/git config --local includeIf.gitdir:/home/runner/work/brasileirao-predictor/brasileirao-predictor/.git/worktrees/*.path /home/runner/work/_temp/git-credentials-9718488d-bda5-45b1-86c5-b84c8966461d.config
2026-09-11T00:01:35.8531984Z [command]/usr/bin/git config --local includeIf.gitdir:/github/workspace/.git.path /github/runner_temp/git-credentials-9718488d-bda5-45b1-86c5-b84c8966461d.config
2026-09-11T00:01:35.8565797Z [command]/usr/bin/git config --local includeIf.gitdir:/github/workspace/.git/worktrees/*.path /github/runner_temp/git-credentials-9718488d-bda5-45b1-86c5-b84c8966461d.config
2026-09-11T00:01:35.8596521Z ##[endgroup]
2026-09-11T00:01:35.8598087Z ##[group]Fetching the repository
2026-09-11T00:01:35.8602405Z [command]/usr/bin/git -c protocol.version=2 fetch --no-tags --prune --no-recurse-submodules --depth=1 origin +8672d756730a33089cb4e612643e10560352769e:refs/remotes/origin/publication-validation-20260910
2026-09-11T00:01:36.9027513Z From https://github.com/leonardosovienski/brasileirao-predictor
2026-09-11T00:01:36.9029031Z  * [new ref]         8672d756730a33089cb4e612643e10560352769e -> origin/publication-validation-20260910
2026-09-11T00:01:36.9053515Z [command]/usr/bin/git branch --list --remote origin/publication-validation-20260910
2026-09-11T00:01:36.9074559Z   origin/publication-validation-20260910
2026-09-11T00:01:36.9087180Z [command]/usr/bin/git rev-parse refs/remotes/origin/publication-validation-20260910
2026-09-11T00:01:36.9114703Z 8672d756730a33089cb4e612643e10560352769e
2026-09-11T00:01:36.9124527Z ##[endgroup]
2026-09-11T00:01:36.9125543Z ##[group]Determining the checkout info
2026-09-11T00:01:36.9126633Z ##[endgroup]
2026-09-11T00:01:36.9127538Z [command]/usr/bin/git sparse-checkout disable
2026-09-11T00:01:36.9190240Z [command]/usr/bin/git config --local --unset-all extensions.worktreeConfig
2026-09-11T00:01:36.9227554Z ##[group]Checking out the ref
2026-09-11T00:01:36.9233873Z [command]/usr/bin/git checkout --progress --force -B publication-validation-20260910 refs/remotes/origin/publication-validation-20260910
2026-09-11T00:01:37.1969502Z Switched to a new branch 'publication-validation-20260910'
2026-09-11T00:01:37.1974986Z branch 'publication-validation-20260910' set up to track 'origin/publication-validation-20260910'.
2026-09-11T00:01:37.1999501Z ##[endgroup]
2026-09-11T00:01:37.2049804Z [command]/usr/bin/git log -1 --format=%H
2026-09-11T00:01:37.2079255Z 8672d756730a33089cb4e612643e10560352769e
2026-09-11T00:01:37.2087402Z ##[group]Removing auth
2026-09-11T00:01:37.2087925Z Removing SSH command configuration
2026-09-11T00:01:37.2091420Z [command]/usr/bin/git config --local --name-only --get-regexp core\.sshCommand
2026-09-11T00:01:37.2128318Z [command]/usr/bin/git submodule foreach --recursive sh -c "git config --local --name-only --get-regexp 'core\.sshCommand' && git config --local --unset-all 'core.sshCommand' || :"
2026-09-11T00:01:37.2357732Z Removing HTTP extra header
2026-09-11T00:01:37.2361848Z [command]/usr/bin/git config --local --name-only --get-regexp http\.https\:\/\/github\.com\/\.extraheader
2026-09-11T00:01:37.2396938Z [command]/usr/bin/git submodule foreach --recursive sh -c "git config --local --name-only --get-regexp 'http\.https\:\/\/github\.com\/\.extraheader' && git config --local --unset-all 'http.https://github.com/.extraheader' || :"
2026-09-11T00:01:37.2619544Z Removing includeIf entries pointing to credentials config files
2026-09-11T00:01:37.2623870Z [command]/usr/bin/git config --local --name-only --get-regexp ^includeIf\.gitdir:
2026-09-11T00:01:37.2654988Z includeif.gitdir:/home/runner/work/brasileirao-predictor/brasileirao-predictor/.git.path
2026-09-11T00:01:37.2657247Z includeif.gitdir:/home/runner/work/brasileirao-predictor/brasileirao-predictor/.git/worktrees/*.path
2026-09-11T00:01:37.2658905Z includeif.gitdir:/github/workspace/.git.path
2026-09-11T00:01:37.2660131Z includeif.gitdir:/github/workspace/.git/worktrees/*.path
2026-09-11T00:01:37.2665560Z [command]/usr/bin/git config --local --get-all includeif.gitdir:/home/runner/work/brasileirao-predictor/brasileirao-predictor/.git.path
2026-09-11T00:01:37.2691903Z /home/runner/work/_temp/git-credentials-9718488d-bda5-45b1-86c5-b84c8966461d.config
2026-09-11T00:01:37.2700785Z [command]/usr/bin/git config --local --unset includeif.gitdir:/home/runner/work/brasileirao-predictor/brasileirao-predictor/.git.path \/home\/runner\/work\/_temp\/git\-credentials\-9718488d\-bda5\-45b1\-86c5\-b84c8966461d\.config
2026-09-11T00:01:37.2739079Z [command]/usr/bin/git config --local --get-all includeif.gitdir:/home/runner/work/brasileirao-predictor/brasileirao-predictor/.git/worktrees/*.path
2026-09-11T00:01:37.2767946Z /home/runner/work/_temp/git-credentials-9718488d-bda5-45b1-86c5-b84c8966461d.config
2026-09-11T00:01:37.2776731Z [command]/usr/bin/git config --local --unset includeif.gitdir:/home/runner/work/brasileirao-predictor/brasileirao-predictor/.git/worktrees/*.path \/home\/runner\/work\/_temp\/git\-credentials\-9718488d\-bda5\-45b1\-86c5\-b84c8966461d\.config
2026-09-11T00:01:37.2814569Z [command]/usr/bin/git config --local --get-all includeif.gitdir:/github/workspace/.git.path
2026-09-11T00:01:37.2863424Z /github/runner_temp/git-credentials-9718488d-bda5-45b1-86c5-b84c8966461d.config
2026-09-11T00:01:37.2908336Z [command]/usr/bin/git config --local --unset includeif.gitdir:/github/workspace/.git.path \/github\/runner_temp\/git\-credentials\-9718488d\-bda5\-45b1\-86c5\-b84c8966461d\.config
2026-09-11T00:01:37.2910750Z [command]/usr/bin/git config --local --get-all includeif.gitdir:/github/workspace/.git/worktrees/*.path
2026-09-11T00:01:37.2947774Z /github/runner_temp/git-credentials-9718488d-bda5-45b1-86c5-b84c8966461d.config
2026-09-11T00:01:37.2957552Z [command]/usr/bin/git config --local --unset includeif.gitdir:/github/workspace/.git/worktrees/*.path \/github\/runner_temp\/git\-credentials\-9718488d\-bda5\-45b1\-86c5\-b84c8966461d\.config
2026-09-11T00:01:37.2985517Z [command]/usr/bin/git submodule foreach --recursive git config --local --show-origin --name-only --get-regexp remote.origin.url
2026-09-11T00:01:37.3207735Z Removing credentials config '/home/runner/work/_temp/git-credentials-9718488d-bda5-45b1-86c5-b84c8966461d.config'
2026-09-11T00:01:37.3217510Z ##[endgroup]
2026-09-11T00:01:37.3494434Z ##[group]Run astral-sh/setup-uv@v7
2026-09-11T00:01:37.3494993Z with:
2026-09-11T00:01:37.3495424Z   version: 0.12.1
2026-09-11T00:01:37.3495887Z   activate-environment: false
2026-09-11T00:01:37.3496577Z   working-directory: /home/runner/work/brasileirao-predictor/brasileirao-predictor
2026-09-11T00:01:37.3500132Z   github-token: ***
2026-09-11T00:01:37.3500610Z   enable-cache: auto
2026-09-11T00:01:37.3501779Z   cache-dependency-glob: **/*requirements*.txt
**/*requirements*.in
**/*constraints*.txt
**/*constraints*.in
**/pyproject.toml
**/uv.lock
**/*.py.lock

2026-09-11T00:01:37.3502724Z   restore-cache: true
2026-09-11T00:01:37.3503179Z   save-cache: true
2026-09-11T00:01:37.3503621Z   prune-cache: true
2026-09-11T00:01:37.3504080Z   cache-python: false
2026-09-11T00:01:37.3504563Z   ignore-nothing-to-cache: false
2026-09-11T00:01:37.3505076Z   ignore-empty-workdir: false
2026-09-11T00:01:37.3505577Z   add-problem-matchers: true
2026-09-11T00:01:37.3506116Z   resolution-strategy: highest
2026-09-11T00:01:37.3506592Z ##[endgroup]
2026-09-11T00:01:37.5298186Z Fetching version data from https://raw.githubusercontent.com/astral-sh/versions/main/v1/uv.ndjson ...
2026-09-11T00:01:37.6058470Z Downloading uv from "https://releases.astral.sh/github/uv/releases/download/0.12.1/uv-x86_64-unknown-linux-gnu.tar.gz" ...
2026-09-11T00:01:37.7900225Z [command]/usr/bin/tar xz --warning=no-unknown-keyword --overwrite -C /home/runner/work/_temp/be7488eb-8925-42fe-888e-3ea3f8455388 -f /home/runner/work/_temp/243b4e55-2940-49ec-a9e5-83980a9ac0b3
2026-09-11T00:01:38.2142742Z Added /home/runner/.local/bin to the path
2026-09-11T00:01:38.2147060Z Added /opt/hostedtoolcache/uv/0.12.1/x86_64 to the path
2026-09-11T00:01:38.2148564Z Set UV_PYTHON_INSTALL_DIR to /home/runner/work/_temp/uv-python-dir
2026-09-11T00:01:38.2149209Z Added /home/runner/work/_temp/uv-python-dir to the path
2026-09-11T00:01:38.2175155Z Set UV_CACHE_DIR to /home/runner/work/_temp/setup-uv-cache
2026-09-11T00:01:38.2175882Z Successfully installed uv version 0.12.1
2026-09-11T00:01:38.3226834Z Searching files using cache dependency glob: /home/runner/work/brasileirao-predictor/brasileirao-predictor/**/*requirements*.txt,/home/runner/work/brasileirao-predictor/brasileirao-predictor/**/*requirements*.in,/home/runner/work/brasileirao-predictor/brasileirao-predictor/**/*constraints*.txt,/home/runner/work/brasileirao-predictor/brasileirao-predictor/**/*constraints*.in,/home/runner/work/brasileirao-predictor/brasileirao-predictor/**/pyproject.toml,/home/runner/work/brasileirao-predictor/brasileirao-predictor/**/uv.lock,/home/runner/work/brasileirao-predictor/brasileirao-predictor/**/*.py.lock
2026-09-11T00:01:38.6216903Z /home/runner/work/brasileirao-predictor/brasileirao-predictor/pyproject.toml
2026-09-11T00:01:38.6577321Z /home/runner/work/brasileirao-predictor/brasileirao-predictor/uv.lock
2026-09-11T00:01:38.6587574Z Found 2 files to hash.
2026-09-11T00:01:38.6665753Z Trying to restore cache from GitHub Actions cache with key: setup-uv-2-x86_64-unknown-linux-gnu-ubuntu-24.04-unknown-pruned-5f30cb0e72f2eed540b5a45603843fe755586a8d2e9bf05b531a79f7a68c6d70
2026-09-11T00:01:38.7323509Z No GitHub Actions cache found for key: setup-uv-2-x86_64-unknown-linux-gnu-ubuntu-24.04-unknown-pruned-5f30cb0e72f2eed540b5a45603843fe755586a8d2e9bf05b531a79f7a68c6d70
2026-09-11T00:01:38.8041483Z ##[group]Run actions/setup-python@v7
2026-09-11T00:01:38.8041796Z with:
2026-09-11T00:01:38.8041996Z   python-version: 3.14
2026-09-11T00:01:38.8042247Z   check-latest: false
2026-09-11T00:01:38.8045109Z   token: ***
2026-09-11T00:01:38.8045328Z   update-environment: true
2026-09-11T00:01:38.8045573Z   allow-prereleases: false
2026-09-11T00:01:38.8045796Z   freethreaded: false
2026-09-11T00:01:38.8045999Z env:
2026-09-11T00:01:38.8046255Z   UV_PYTHON_INSTALL_DIR: /home/runner/work/_temp/uv-python-dir
2026-09-11T00:01:38.8046626Z   UV_CACHE_DIR: /home/runner/work/_temp/setup-uv-cache
2026-09-11T00:01:38.8046923Z ##[endgroup]
2026-09-11T00:01:38.9187263Z ##[group]Installed versions
2026-09-11T00:01:38.9279017Z Successfully set up CPython (3.14.7)
2026-09-11T00:01:38.9279836Z ##[endgroup]
2026-09-11T00:01:38.9424867Z ##[group]Run uv sync --locked --all-extras
2026-09-11T00:01:38.9425396Z [36;1muv sync --locked --all-extras[0m
2026-09-11T00:01:38.9475143Z shell: /usr/bin/bash -e {0}
2026-09-11T00:01:38.9475423Z env:
2026-09-11T00:01:38.9475714Z   UV_PYTHON_INSTALL_DIR: /home/runner/work/_temp/uv-python-dir
2026-09-11T00:01:38.9476183Z   UV_CACHE_DIR: /home/runner/work/_temp/setup-uv-cache
2026-09-11T00:01:38.9476552Z   pythonLocation: /opt/hostedtoolcache/Python/3.14.7/x64
2026-09-11T00:01:38.9476990Z   PKG_CONFIG_PATH: /opt/hostedtoolcache/Python/3.14.7/x64/lib/pkgconfig
2026-09-11T00:01:38.9477411Z   Python_ROOT_DIR: /opt/hostedtoolcache/Python/3.14.7/x64
2026-09-11T00:01:38.9477774Z   Python2_ROOT_DIR: /opt/hostedtoolcache/Python/3.14.7/x64
2026-09-11T00:01:38.9478138Z   Python3_ROOT_DIR: /opt/hostedtoolcache/Python/3.14.7/x64
2026-09-11T00:01:38.9478505Z   LD_LIBRARY_PATH: /opt/hostedtoolcache/Python/3.14.7/x64/lib
2026-09-11T00:01:38.9478819Z ##[endgroup]
2026-09-11T00:01:39.0819518Z Using CPython 3.14.7 interpreter at: /opt/hostedtoolcache/Python/3.14.7/x64/bin/python3
2026-09-11T00:01:39.0820106Z Creating virtual environment at: .venv
2026-09-11T00:01:39.5342304Z Resolved 60 packages in 449ms
2026-09-11T00:01:39.5497309Z    Building brasileirao-predictor @ file:///home/runner/work/brasileirao-predictor/brasileirao-predictor
2026-09-11T00:01:39.5866514Z Downloading llvmlite (57.1MiB)
2026-09-11T00:01:39.5873964Z Downloading pyright (5.9MiB)
2026-09-11T00:01:39.5879565Z Downloading numba (3.7MiB)
2026-09-11T00:01:39.5880670Z Downloading pygments (1.2MiB)
2026-09-11T00:01:39.5886424Z Downloading pandas (10.5MiB)
2026-09-11T00:01:39.5891372Z Downloading curl-cffi (12.9MiB)
2026-09-11T00:01:39.5893286Z Downloading pydantic-core (2.0MiB)
2026-09-11T00:01:39.5901574Z Downloading ruff (9.8MiB)
2026-09-11T00:01:39.5913366Z Downloading numpy (15.9MiB)
2026-09-11T00:01:39.5914928Z Downloading scipy (33.7MiB)
2026-09-11T00:01:39.5917425Z Downloading virtualenv (5.1MiB)
2026-09-11T00:01:39.6004827Z Downloading lxml (5.0MiB)
2026-09-11T00:01:39.9507646Z  Downloaded pydantic-core
2026-09-11T00:01:40.1271903Z  Downloaded pygments
2026-09-11T00:01:40.2978693Z  Downloaded virtualenv
2026-09-11T00:01:40.3245136Z  Downloaded lxml
2026-09-11T00:01:40.5173963Z  Downloaded numba
2026-09-11T00:01:40.5780056Z       Built brasileirao-predictor @ file:///home/runner/work/brasileirao-predictor/brasileirao-predictor
2026-09-11T00:01:40.7339327Z  Downloaded ruff
2026-09-11T00:01:40.9050046Z  Downloaded curl-cffi
2026-09-11T00:01:41.0245790Z  Downloaded numpy
2026-09-11T00:01:41.6048802Z  Downloaded scipy
2026-09-11T00:01:41.6103105Z  Downloaded llvmlite
2026-09-11T00:01:41.6192999Z  Downloaded pandas
2026-09-11T00:01:42.0946163Z  Downloaded pyright
2026-09-11T00:01:42.0948976Z Prepared 56 packages in 2.55s
2026-09-11T00:01:42.2619783Z Installed 58 packages in 166ms
2026-09-11T00:01:42.2620616Z  + annotated-types==0.8.0
2026-09-11T00:01:42.2621438Z  + attrs==26.1.0
2026-09-11T00:01:42.2622231Z  + beautifulsoup4==4.15.0
2026-09-11T00:01:42.2623294Z  + brasileirao-predictor==0.1.0 (from file:///home/runner/work/brasileirao-predictor/brasileirao-predictor)
2026-09-11T00:01:42.2624197Z  + build==1.6.0
2026-09-11T00:01:42.2624548Z  + certifi==2026.7.22
2026-09-11T00:01:42.2624904Z  + cffi==2.1.1
2026-09-11T00:01:42.2625232Z  + cfgv==3.5.0
2026-09-11T00:01:42.2625599Z  + charset-normalizer==3.5.1
2026-09-11T00:01:42.2626002Z  + coverage==7.15.4
2026-09-11T00:01:42.2626360Z  + curl-cffi==0.16.3
2026-09-11T00:01:42.2626709Z  + distlib==0.4.3
2026-09-11T00:01:42.2627044Z  + filelock==3.32.4
2026-09-11T00:01:42.2627385Z  + hiredis==3.4.1
2026-09-11T00:01:42.2627707Z  + html5lib==1.1
2026-09-11T00:01:42.2628033Z  + identify==2.6.19
2026-09-11T00:01:42.2628366Z  + idna==3.19
2026-09-11T00:01:42.2628692Z  + iniconfig==2.3.0
2026-09-11T00:01:42.2629042Z  + jsonschema==4.26.0
2026-09-11T00:01:42.2629437Z  + jsonschema-specifications==2025.9.1
2026-09-11T00:01:42.2629907Z  + llvmlite==0.49.0
2026-09-11T00:01:42.2630231Z  + lxml==6.1.3
2026-09-11T00:01:42.2630860Z  + nodeenv==1.10.0
2026-09-11T00:01:42.2631404Z  + numba==0.67.0
2026-09-11T00:01:42.2631747Z  + numpy==2.5.2
2026-09-11T00:01:42.2632071Z  + packaging==26.3
2026-09-11T00:01:42.2632413Z  + pandas==3.0.5
2026-09-11T00:01:42.2632752Z  + platformdirs==4.11.4
2026-09-11T00:01:42.2633114Z  + pluggy==1.6.0
2026-09-11T00:01:42.2633464Z  + pre-commit==4.6.2
2026-09-11T00:01:42.2634882Z  + predictor-core==3.2.0 (from https://github.com/leonardosovienski/core-predictor/releases/download/v3.2.0/predictor_core-3.2.0-py3-none-any.whl)
2026-09-11T00:01:42.2636981Z  + predictor-ops==4.1.0 (from https://github.com/leonardosovienski/predictor-ops/releases/download/v4.1.0/predictor_ops-4.1.0-py3-none-any.whl)
2026-09-11T00:01:42.2638296Z  + pycparser==3.0
2026-09-11T00:01:42.2638819Z  + pydantic==2.13.5
2026-09-11T00:01:42.2639362Z  + pydantic-core==2.46.5
2026-09-11T00:01:42.2639934Z  + pydantic-settings==2.15.0
2026-09-11T00:01:42.2640505Z  + pygments==2.21.0
2026-09-11T00:01:42.2641634Z  + pyproject-hooks==1.2.0
2026-09-11T00:01:42.2668971Z  + pyright==1.1.411
2026-09-11T00:01:42.2669365Z  + pytest==9.1.1
2026-09-11T00:01:42.2669745Z  + python-dateutil==2.9.0.post0
2026-09-11T00:01:42.2670197Z  + python-discovery==1.5.3
2026-09-11T00:01:42.2670613Z  + python-dotenv==1.2.3
2026-09-11T00:01:42.2670995Z  + pyyaml==6.0.3
2026-09-11T00:01:42.2671612Z  + redis==8.1.0
2026-09-11T00:01:42.2671960Z  + referencing==0.37.0
2026-09-11T00:01:42.2672328Z  + requests==2.34.2
2026-09-11T00:01:42.2672677Z  + rpds-py==2026.6.3
2026-09-11T00:01:42.2673026Z  + ruff==0.16.6
2026-09-11T00:01:42.2673349Z  + scipy==1.18.1
2026-09-11T00:01:42.2673686Z  + six==1.17.0
2026-09-11T00:01:42.2674011Z  + soupsieve==2.9.2
2026-09-11T00:01:42.2674352Z  + truststore==0.10.4
2026-09-11T00:01:42.2674726Z  + typing-extensions==4.16.0
2026-09-11T00:01:42.2675155Z  + typing-inspection==0.4.4
2026-09-11T00:01:42.2675551Z  + urllib3==2.7.0
2026-09-11T00:01:42.2675889Z  + virtualenv==21.7.5
2026-09-11T00:01:42.2676239Z  + webencodings==0.6.1
2026-09-11T00:01:42.2779900Z ##[group]Run .venv/bin/python -I -B tools/publication_validation/run.py "$RUNNER_TEMP/python-synthetic"
2026-09-11T00:01:42.2780669Z [36;1m.venv/bin/python -I -B tools/publication_validation/run.py "$RUNNER_TEMP/python-synthetic"[0m
2026-09-11T00:01:42.2819503Z shell: /usr/bin/bash -e {0}
2026-09-11T00:01:42.2819745Z env:
2026-09-11T00:01:42.2820180Z   UV_PYTHON_INSTALL_DIR: /home/runner/work/_temp/uv-python-dir
2026-09-11T00:01:42.2820579Z   UV_CACHE_DIR: /home/runner/work/_temp/setup-uv-cache
2026-09-11T00:01:42.2820955Z   pythonLocation: /opt/hostedtoolcache/Python/3.14.7/x64
2026-09-11T00:01:42.2821722Z   PKG_CONFIG_PATH: /opt/hostedtoolcache/Python/3.14.7/x64/lib/pkgconfig
2026-09-11T00:01:42.2822136Z   Python_ROOT_DIR: /opt/hostedtoolcache/Python/3.14.7/x64
2026-09-11T00:01:42.2822521Z   Python2_ROOT_DIR: /opt/hostedtoolcache/Python/3.14.7/x64
2026-09-11T00:01:42.2822894Z   Python3_ROOT_DIR: /opt/hostedtoolcache/Python/3.14.7/x64
2026-09-11T00:01:42.2823301Z   LD_LIBRARY_PATH: /opt/hostedtoolcache/Python/3.14.7/x64/lib
2026-09-11T00:01:42.2823615Z ##[endgroup]
2026-09-11T00:01:52.1613759Z ........................................................................ [ 20%]
2026-09-11T00:01:52.3514886Z ........................................................................ [ 41%]
2026-09-11T00:01:52.6421771Z ........................................................................ [ 62%]
2026-09-11T00:01:54.3998119Z ........................................................................ [ 83%]
2026-09-11T00:01:54.7007849Z .........................................................                [100%]
2026-09-11T00:01:54.7008304Z 345 passed in 11.08s
2026-09-11T00:01:55.0887389Z ##[group]Run uv run ruff check tools/publication_validation
2026-09-11T00:01:55.0887881Z [36;1muv run ruff check tools/publication_validation[0m
2026-09-11T00:01:55.0888285Z [36;1muv run ruff format --check tools/publication_validation[0m
2026-09-11T00:01:55.0924987Z shell: /usr/bin/bash -e {0}
2026-09-11T00:01:55.0925234Z env:
2026-09-11T00:01:55.0925507Z   UV_PYTHON_INSTALL_DIR: /home/runner/work/_temp/uv-python-dir
2026-09-11T00:01:55.0925901Z   UV_CACHE_DIR: /home/runner/work/_temp/setup-uv-cache
2026-09-11T00:01:55.0926281Z   pythonLocation: /opt/hostedtoolcache/Python/3.14.7/x64
2026-09-11T00:01:55.0926698Z   PKG_CONFIG_PATH: /opt/hostedtoolcache/Python/3.14.7/x64/lib/pkgconfig
2026-09-11T00:01:55.0927119Z   Python_ROOT_DIR: /opt/hostedtoolcache/Python/3.14.7/x64
2026-09-11T00:01:55.0927484Z   Python2_ROOT_DIR: /opt/hostedtoolcache/Python/3.14.7/x64
2026-09-11T00:01:55.0927868Z   Python3_ROOT_DIR: /opt/hostedtoolcache/Python/3.14.7/x64
2026-09-11T00:01:55.0928266Z   LD_LIBRARY_PATH: /opt/hostedtoolcache/Python/3.14.7/x64/lib
2026-09-11T00:01:55.0928584Z ##[endgroup]
2026-09-11T00:01:55.2669950Z All checks passed!
2026-09-11T00:01:55.3683017Z 4 files already formatted
2026-09-11T00:01:55.3754332Z ##[group]Run uv build
2026-09-11T00:01:55.3754742Z [36;1muv build[0m
2026-09-11T00:01:55.3755113Z [36;1muv venv "$RUNNER_TEMP/installed"[0m
2026-09-11T00:01:55.3755875Z [36;1muv pip install --python "$RUNNER_TEMP/installed/bin/python" --no-deps dist/*.whl[0m
2026-09-11T00:01:55.3756726Z [36;1mtest -f "$RUNNER_TEMP/installed/lib/python3.14/site-packages/brasileirao_predictor/kernel_cli.py"[0m
2026-09-11T00:01:55.3793911Z shell: /usr/bin/bash -e {0}
2026-09-11T00:01:55.3794180Z env:
2026-09-11T00:01:55.3794454Z   UV_PYTHON_INSTALL_DIR: /home/runner/work/_temp/uv-python-dir
2026-09-11T00:01:55.3794864Z   UV_CACHE_DIR: /home/runner/work/_temp/setup-uv-cache
2026-09-11T00:01:55.3795234Z   pythonLocation: /opt/hostedtoolcache/Python/3.14.7/x64
2026-09-11T00:01:55.3795640Z   PKG_CONFIG_PATH: /opt/hostedtoolcache/Python/3.14.7/x64/lib/pkgconfig
2026-09-11T00:01:55.3796043Z   Python_ROOT_DIR: /opt/hostedtoolcache/Python/3.14.7/x64
2026-09-11T00:01:55.3796433Z   Python2_ROOT_DIR: /opt/hostedtoolcache/Python/3.14.7/x64
2026-09-11T00:01:55.3796800Z   Python3_ROOT_DIR: /opt/hostedtoolcache/Python/3.14.7/x64
2026-09-11T00:01:55.3797164Z   LD_LIBRARY_PATH: /opt/hostedtoolcache/Python/3.14.7/x64/lib
2026-09-11T00:01:55.3797476Z ##[endgroup]
2026-09-11T00:01:55.3969584Z Building source distribution...
2026-09-11T00:02:00.1844417Z Building wheel from source distribution...
2026-09-11T00:02:00.6602523Z Successfully built dist/brasileirao_predictor-0.1.0.tar.gz
2026-09-11T00:02:00.6604212Z Successfully built dist/brasileirao_predictor-0.1.0-py3-none-any.whl
2026-09-11T00:02:00.6778484Z Using CPython 3.14.7 interpreter at: /opt/hostedtoolcache/Python/3.14.7/x64/bin/python3
2026-09-11T00:02:00.6779321Z Creating virtual environment at: /home/runner/work/_temp/installed
2026-09-11T00:02:00.6785317Z Activate with: /home/runner/work/_temp/installed/bin/activate
2026-09-11T00:02:00.7439703Z Using Python 3.14.7 environment at: /home/runner/work/_temp/installed
2026-09-11T00:02:00.7460928Z Resolved 1 package in 1ms
2026-09-11T00:02:00.7664971Z Prepared 1 package in 20ms
2026-09-11T00:02:00.7721699Z Installed 1 package in 5ms
2026-09-11T00:02:00.7722996Z  + brasileirao-predictor==0.1.0 (from file:///home/runner/work/brasileirao-predictor/brasileirao-predictor/dist/brasileirao_predictor-0.1.0-py3-none-any.whl)
2026-09-11T00:02:00.7797941Z Node 20 is being deprecated. This workflow is running with Node 24 by default. If you need to temporarily use Node 20, you can set the ACTIONS_ALLOW_USE_UNSECURE_NODE_VERSION=true environment variable. For more information see: https://github.blog/changelog/2025-09-19-deprecation-of-node-20-on-github-actions-runners/
2026-09-11T00:02:00.7799249Z ##[group]Run actions/upload-artifact@v4
2026-09-11T00:02:00.7799537Z with:
2026-09-11T00:02:00.7799742Z   name: python-validation-3.14
2026-09-11T00:02:00.7800046Z   path: /home/runner/work/_temp/python-synthetic
dist

2026-09-11T00:02:00.7800360Z   if-no-files-found: warn
2026-09-11T00:02:00.7800583Z   compression-level: 6
2026-09-11T00:02:00.7800789Z   overwrite: false
2026-09-11T00:02:00.7800997Z   include-hidden-files: false
2026-09-11T00:02:00.7801558Z env:
2026-09-11T00:02:00.7801925Z   UV_PYTHON_INSTALL_DIR: /home/runner/work/_temp/uv-python-dir
2026-09-11T00:02:00.7802295Z   UV_CACHE_DIR: /home/runner/work/_temp/setup-uv-cache
2026-09-11T00:02:00.7802681Z   pythonLocation: /opt/hostedtoolcache/Python/3.14.7/x64
2026-09-11T00:02:00.7803084Z   PKG_CONFIG_PATH: /opt/hostedtoolcache/Python/3.14.7/x64/lib/pkgconfig
2026-09-11T00:02:00.7803498Z   Python_ROOT_DIR: /opt/hostedtoolcache/Python/3.14.7/x64
2026-09-11T00:02:00.7803858Z   Python2_ROOT_DIR: /opt/hostedtoolcache/Python/3.14.7/x64
2026-09-11T00:02:00.7804220Z   Python3_ROOT_DIR: /opt/hostedtoolcache/Python/3.14.7/x64
2026-09-11T00:02:00.7804589Z   LD_LIBRARY_PATH: /opt/hostedtoolcache/Python/3.14.7/x64/lib
2026-09-11T00:02:00.7804895Z ##[endgroup]
2026-09-11T00:02:00.9456454Z (node:2532) [DEP0040] DeprecationWarning: The `punycode` module is deprecated. Please use a userland alternative instead.
2026-09-11T00:02:00.9457183Z (Use `node --trace-deprecation ...` to show where the warning was created)
2026-09-11T00:02:01.1998140Z Multiple search paths detected. Calculating the least common ancestor of all paths
2026-09-11T00:02:01.2000337Z The least common ancestor is /home/runner/work. This will be the root directory of the artifact
2026-09-11T00:02:01.2001398Z With the provided path, there will be 626 files uploaded
2026-09-11T00:02:01.2007003Z Artifact name is valid!
2026-09-11T00:02:01.2007753Z Root directory input is valid!
2026-09-11T00:02:01.4253416Z Beginning upload of artifact content to blob storage
2026-09-11T00:02:02.0598439Z (node:2532) [DEP0169] DeprecationWarning: `url.parse()` behavior is not standardized and prone to errors that have security implications. Use the WHATWG URL API instead. CVEs are not issued for `url.parse()` vulnerabilities.
2026-09-11T00:02:02.2975927Z Uploaded bytes 8388608
2026-09-11T00:02:02.3615023Z Uploaded bytes 10607454
2026-09-11T00:02:02.3788352Z Finished uploading artifact content to blob storage!
2026-09-11T00:02:02.3789749Z SHA256 digest of uploaded artifact zip is 80631c31a9ff258aa42325d5a9da6c26ba5982ac91f322cbee89e74b943905d5
2026-09-11T00:02:02.3792055Z Finalizing artifact upload
2026-09-11T00:02:02.6046101Z Artifact python-validation-3.14.zip successfully finalized. Artifact ID 10178579352
2026-09-11T00:02:02.6047368Z Artifact python-validation-3.14 has been successfully uploaded! Final size is 10607454 bytes. Artifact ID is 10178579352
2026-09-11T00:02:02.6053455Z Artifact download URL: https://github.com/leonardosovienski/brasileirao-predictor/actions/runs/34544695904/artifacts/10178579352
2026-09-11T00:02:02.6278393Z Post job cleanup.
2026-09-11T00:02:02.7566500Z Post job cleanup.
2026-09-11T00:02:02.8723515Z UV_CACHE_DIR is already set to /home/runner/work/_temp/setup-uv-cache
2026-09-11T00:02:02.8728736Z UV_PYTHON_INSTALL_DIR is already set to /home/runner/work/_temp/uv-python-dir
2026-09-11T00:02:02.8739988Z Pruning cache...
2026-09-11T00:02:02.8757760Z [command]/opt/hostedtoolcache/uv/0.12.1/x86_64/uv cache prune --ci --force
2026-09-11T00:02:02.8952536Z Pruning cache at: /home/runner/work/_temp/setup-uv-cache
2026-09-11T00:02:03.1205447Z Removed 12631 files (513.1MiB)
2026-09-11T00:02:03.1232176Z Including uv cache path: /home/runner/work/_temp/setup-uv-cache
2026-09-11T00:02:03.1381835Z [command]/usr/bin/tar --posix -cf cache.tzst --exclude cache.tzst -P -C /home/runner/work/brasileirao-predictor/brasileirao-predictor --files-from manifest.txt --use-compress-program zstdmt
2026-09-11T00:02:03.2040673Z ##[warning]Failed to save: Unable to reserve cache with key setup-uv-2-x86_64-unknown-linux-gnu-ubuntu-24.04-unknown-pruned-5f30cb0e72f2eed540b5a45603843fe755586a8d2e9bf05b531a79f7a68c6d70, another job may be creating this cache.
2026-09-11T00:02:03.2048599Z uv cache saved with key: setup-uv-2-x86_64-unknown-linux-gnu-ubuntu-24.04-unknown-pruned-5f30cb0e72f2eed540b5a45603843fe755586a8d2e9bf05b531a79f7a68c6d70
2026-09-11T00:02:03.2668853Z Post job cleanup.
2026-09-11T00:02:03.3518241Z [command]/usr/bin/git version
2026-09-11T00:02:03.3580612Z git version 2.55.0
2026-09-11T00:02:03.3617687Z Temporarily overriding HOME='/home/runner/work/_temp/6ead2ced-f474-47b0-8386-9e8c3fc8daee' before making global git config changes
2026-09-11T00:02:03.3619038Z Adding repository directory to the temporary git global config as a safe directory
2026-09-11T00:02:03.3623913Z [command]/usr/bin/git config --global --add safe.directory /home/runner/work/brasileirao-predictor/brasileirao-predictor
2026-09-11T00:02:03.3656509Z Removing SSH command configuration
2026-09-11T00:02:03.3663568Z [command]/usr/bin/git config --local --name-only --get-regexp core\.sshCommand
2026-09-11T00:02:03.3714167Z [command]/usr/bin/git submodule foreach --recursive sh -c "git config --local --name-only --get-regexp 'core\.sshCommand' && git config --local --unset-all 'core.sshCommand' || :"
2026-09-11T00:02:03.3963727Z Removing HTTP extra header
2026-09-11T00:02:03.3968905Z [command]/usr/bin/git config --local --name-only --get-regexp http\.https\:\/\/github\.com\/\.extraheader
2026-09-11T00:02:03.4023095Z [command]/usr/bin/git submodule foreach --recursive sh -c "git config --local --name-only --get-regexp 'http\.https\:\/\/github\.com\/\.extraheader' && git config --local --unset-all 'http.https://github.com/.extraheader' || :"
2026-09-11T00:02:03.4304187Z Removing includeIf entries pointing to credentials config files
2026-09-11T00:02:03.4313465Z [command]/usr/bin/git config --local --name-only --get-regexp ^includeIf\.gitdir:
2026-09-11T00:02:03.4353646Z [command]/usr/bin/git submodule foreach --recursive git config --local --show-origin --name-only --get-regexp remote.origin.url
2026-09-11T00:02:03.4733003Z Cleaning up orphan processes
2026-09-11T00:02:03.5106534Z ##[warning]Node.js 20 is deprecated. The following actions target Node.js 20 but are being forced to run on Node.js 24: actions/upload-artifact@v4. For more information see: https://github.blog/changelog/2025-09-19-deprecation-of-node-20-on-github-actions-runners/
