2026-09-11T01:50:14.2873304Z Current runner version: '2.337.0'
2026-09-11T01:50:14.2909574Z ##[group]Runner Image Provisioner
2026-09-11T01:50:14.2910942Z Hosted Compute Agent
2026-09-11T01:50:14.2911891Z Version: 20260828.587
2026-09-11T01:50:14.2912971Z Commit: abac92662cab4cc7352de4f9f9d2e2419aad9c29
2026-09-11T01:50:14.2914376Z Build Date: 2026-08-28T16:44:25Z
2026-09-11T01:50:14.2915468Z Worker ID: {846ef244-77e6-4494-90c4-f36388bcf96e}
2026-09-11T01:50:14.2916650Z Azure Region: eastus2
2026-09-11T01:50:14.2917610Z ##[endgroup]
2026-09-11T01:50:14.2919540Z ##[group]Operating System
2026-09-11T01:50:14.2920743Z Ubuntu
2026-09-11T01:50:14.2921657Z 24.04.5
2026-09-11T01:50:14.2922548Z LTS
2026-09-11T01:50:14.2923401Z ##[endgroup]
2026-09-11T01:50:14.2924462Z ##[group]Runner Image
2026-09-11T01:50:14.2925592Z Image: ubuntu-24.04
2026-09-11T01:50:14.2926544Z Version: 20260907.300.1
2026-09-11T01:50:14.2929254Z Included Software: https://github.com/actions/runner-images/blob/ubuntu24/20260907.300/images/ubuntu/Ubuntu2404-Readme.md
2026-09-11T01:50:14.2931887Z Image Release: https://github.com/actions/runner-images/releases/tag/ubuntu24%2F20260907.300
2026-09-11T01:50:14.2933838Z ##[endgroup]
2026-09-11T01:50:14.2935576Z ##[group]GITHUB_TOKEN Permissions
2026-09-11T01:50:14.2938788Z Contents: read
2026-09-11T01:50:14.2939719Z Metadata: read
2026-09-11T01:50:14.2940690Z ##[endgroup]
2026-09-11T01:50:14.2944230Z Secret source: Actions
2026-09-11T01:50:14.2945821Z Cache mode: write
2026-09-11T01:50:14.2947106Z Prepare workflow directory
2026-09-11T01:50:14.3418833Z Prepare all required actions
2026-09-11T01:50:14.3488237Z Getting action download info
2026-09-11T01:50:14.5813792Z Download action repository 'actions/checkout@v7' (SHA:3d3c42e5aac5ba805825da76410c181273ba90b1)
2026-09-11T01:50:14.6952273Z Download action repository 'astral-sh/setup-uv@v7' (SHA:37802adc94f370d6bfd71619e3f0bf239e1f3b78)
2026-09-11T01:50:14.9461957Z Download action repository 'actions/setup-python@v7' (SHA:5fda3b95a4ea91299a34e894583c3862153e4b97)
2026-09-11T01:50:15.0272946Z Download action repository 'actions/upload-artifact@v4' (SHA:ea165f8d65b6e75b540449e92b4886f43607fa02)
2026-09-11T01:50:15.2586989Z Complete job name: Synthetic Python 3.14
2026-09-11T01:50:15.3462002Z ##[group]Run actions/checkout@v7
2026-09-11T01:50:15.3462844Z with:
2026-09-11T01:50:15.3463290Z   persist-credentials: false
2026-09-11T01:50:15.3464302Z   repository: leonardosovienski/brasileirao-predictor
2026-09-11T01:50:15.3468226Z   token: ***
2026-09-11T01:50:15.3468665Z   ssh-strict: true
2026-09-11T01:50:15.3469102Z   ssh-user: git
2026-09-11T01:50:15.3469521Z   clean: true
2026-09-11T01:50:15.3469962Z   sparse-checkout-cone-mode: true
2026-09-11T01:50:15.3470481Z   fetch-depth: 1
2026-09-11T01:50:15.3470910Z   fetch-tags: false
2026-09-11T01:50:15.3471355Z   show-progress: true
2026-09-11T01:50:15.3471799Z   lfs: false
2026-09-11T01:50:15.3472208Z   submodules: false
2026-09-11T01:50:15.3472650Z   set-safe-directory: true
2026-09-11T01:50:15.3473159Z   allow-unsafe-pr-checkout: false
2026-09-11T01:50:15.3474090Z ##[endgroup]
2026-09-11T01:50:15.4540105Z Syncing repository: leonardosovienski/brasileirao-predictor
2026-09-11T01:50:15.4543150Z ##[group]Getting Git version info
2026-09-11T01:50:15.4544739Z Working directory is '/home/runner/work/brasileirao-predictor/brasileirao-predictor'
2026-09-11T01:50:15.4546769Z [command]/usr/bin/git version
2026-09-11T01:50:15.4587817Z git version 2.55.0
2026-09-11T01:50:15.4611056Z ##[endgroup]
2026-09-11T01:50:15.4623036Z Temporarily overriding HOME='/home/runner/work/_temp/9e252b14-1698-489f-a671-04a6e6489864' before making global git config changes
2026-09-11T01:50:15.4624902Z Adding repository directory to the temporary git global config as a safe directory
2026-09-11T01:50:15.4631679Z [command]/usr/bin/git config --global --add safe.directory /home/runner/work/brasileirao-predictor/brasileirao-predictor
2026-09-11T01:50:15.4691524Z Deleting the contents of '/home/runner/work/brasileirao-predictor/brasileirao-predictor'
2026-09-11T01:50:15.4694186Z ##[group]Determining repository object format
2026-09-11T01:50:15.4696316Z ##[endgroup]
2026-09-11T01:50:15.4697439Z ##[group]Initializing the repository
2026-09-11T01:50:15.4703006Z [command]/usr/bin/git init /home/runner/work/brasileirao-predictor/brasileirao-predictor
2026-09-11T01:50:15.4796151Z hint: Using 'master' as the name for the initial branch. This default branch name
2026-09-11T01:50:15.4798118Z hint: will change to "main" in Git 3.0. To configure the initial branch name
2026-09-11T01:50:15.4800338Z hint: to use in all of your new repositories, which will suppress this warning,
2026-09-11T01:50:15.4801584Z hint: call:
2026-09-11T01:50:15.4802435Z hint:
2026-09-11T01:50:15.4803274Z hint: 	git config --global init.defaultBranch <name>
2026-09-11T01:50:15.4804273Z hint:
2026-09-11T01:50:15.4804860Z hint: Names commonly chosen instead of 'master' are 'main', 'trunk' and
2026-09-11T01:50:15.4805810Z hint: 'development'. The just-created branch can be renamed via this command:
2026-09-11T01:50:15.4806534Z hint:
2026-09-11T01:50:15.4807035Z hint: 	git branch -m <name>
2026-09-11T01:50:15.4807656Z hint:
2026-09-11T01:50:15.4808370Z hint: Disable this message with "git config set advice.defaultBranchName false"
2026-09-11T01:50:15.4809510Z Initialized empty Git repository in /home/runner/work/brasileirao-predictor/brasileirao-predictor/.git/
2026-09-11T01:50:15.4821765Z [command]/usr/bin/git remote add origin https://github.com/leonardosovienski/brasileirao-predictor
2026-09-11T01:50:15.4862861Z ##[endgroup]
2026-09-11T01:50:15.4864292Z ##[group]Disabling automatic garbage collection
2026-09-11T01:50:15.4867937Z [command]/usr/bin/git config --local gc.auto 0
2026-09-11T01:50:15.4908778Z ##[endgroup]
2026-09-11T01:50:15.4909606Z ##[group]Setting up auth
2026-09-11T01:50:15.4910431Z Removing SSH command configuration
2026-09-11T01:50:15.4918179Z [command]/usr/bin/git config --local --name-only --get-regexp core\.sshCommand
2026-09-11T01:50:15.4960932Z [command]/usr/bin/git submodule foreach --recursive sh -c "git config --local --name-only --get-regexp 'core\.sshCommand' && git config --local --unset-all 'core.sshCommand' || :"
2026-09-11T01:50:15.5322706Z Removing HTTP extra header
2026-09-11T01:50:15.5331728Z [command]/usr/bin/git config --local --name-only --get-regexp http\.https\:\/\/github\.com\/\.extraheader
2026-09-11T01:50:15.5385769Z [command]/usr/bin/git submodule foreach --recursive sh -c "git config --local --name-only --get-regexp 'http\.https\:\/\/github\.com\/\.extraheader' && git config --local --unset-all 'http.https://github.com/.extraheader' || :"
2026-09-11T01:50:15.5645304Z Removing includeIf entries pointing to credentials config files
2026-09-11T01:50:15.5650369Z [command]/usr/bin/git config --local --name-only --get-regexp ^includeIf\.gitdir:
2026-09-11T01:50:15.5697603Z [command]/usr/bin/git submodule foreach --recursive git config --local --show-origin --name-only --get-regexp remote.origin.url
2026-09-11T01:50:15.5951890Z [command]/usr/bin/git config --file /home/runner/work/_temp/git-credentials-63044943-1338-463a-821b-af215c61b3e5.config http.https://github.com/.extraheader AUTHORIZATION: basic ***
2026-09-11T01:50:15.5996821Z [command]/usr/bin/git config --local includeIf.gitdir:/home/runner/work/brasileirao-predictor/brasileirao-predictor/.git.path /home/runner/work/_temp/git-credentials-63044943-1338-463a-821b-af215c61b3e5.config
2026-09-11T01:50:15.6033200Z [command]/usr/bin/git config --local includeIf.gitdir:/home/runner/work/brasileirao-predictor/brasileirao-predictor/.git/worktrees/*.path /home/runner/work/_temp/git-credentials-63044943-1338-463a-821b-af215c61b3e5.config
2026-09-11T01:50:15.6075105Z [command]/usr/bin/git config --local includeIf.gitdir:/github/workspace/.git.path /github/runner_temp/git-credentials-63044943-1338-463a-821b-af215c61b3e5.config
2026-09-11T01:50:15.6114036Z [command]/usr/bin/git config --local includeIf.gitdir:/github/workspace/.git/worktrees/*.path /github/runner_temp/git-credentials-63044943-1338-463a-821b-af215c61b3e5.config
2026-09-11T01:50:15.6150647Z ##[endgroup]
2026-09-11T01:50:15.6151807Z ##[group]Fetching the repository
2026-09-11T01:50:15.6157993Z [command]/usr/bin/git -c protocol.version=2 fetch --no-tags --prune --no-recurse-submodules --depth=1 origin +cc38b57bd3ba6f8c2cbdce6353eaf085d4ece14f:refs/remotes/origin/publication-validation-20260910
2026-09-11T01:50:16.8213429Z From https://github.com/leonardosovienski/brasileirao-predictor
2026-09-11T01:50:16.8214739Z  * [new ref]         cc38b57bd3ba6f8c2cbdce6353eaf085d4ece14f -> origin/publication-validation-20260910
2026-09-11T01:50:16.8224538Z [command]/usr/bin/git branch --list --remote origin/publication-validation-20260910
2026-09-11T01:50:16.8258082Z   origin/publication-validation-20260910
2026-09-11T01:50:16.8266410Z [command]/usr/bin/git rev-parse refs/remotes/origin/publication-validation-20260910
2026-09-11T01:50:16.8295547Z cc38b57bd3ba6f8c2cbdce6353eaf085d4ece14f
2026-09-11T01:50:16.8300081Z ##[endgroup]
2026-09-11T01:50:16.8301053Z ##[group]Determining the checkout info
2026-09-11T01:50:16.8302157Z ##[endgroup]
2026-09-11T01:50:16.8305411Z [command]/usr/bin/git sparse-checkout disable
2026-09-11T01:50:16.8359535Z [command]/usr/bin/git config --local --unset-all extensions.worktreeConfig
2026-09-11T01:50:16.8396554Z ##[group]Checking out the ref
2026-09-11T01:50:16.8400780Z [command]/usr/bin/git checkout --progress --force -B publication-validation-20260910 refs/remotes/origin/publication-validation-20260910
2026-09-11T01:50:17.1336285Z Switched to a new branch 'publication-validation-20260910'
2026-09-11T01:50:17.1339006Z branch 'publication-validation-20260910' set up to track 'origin/publication-validation-20260910'.
2026-09-11T01:50:17.1384604Z ##[endgroup]
2026-09-11T01:50:17.1458027Z [command]/usr/bin/git log -1 --format=%H
2026-09-11T01:50:17.1499854Z cc38b57bd3ba6f8c2cbdce6353eaf085d4ece14f
2026-09-11T01:50:17.1548449Z ##[group]Removing auth
2026-09-11T01:50:17.1549173Z Removing SSH command configuration
2026-09-11T01:50:17.1554927Z [command]/usr/bin/git config --local --name-only --get-regexp core\.sshCommand
2026-09-11T01:50:17.1601912Z [command]/usr/bin/git submodule foreach --recursive sh -c "git config --local --name-only --get-regexp 'core\.sshCommand' && git config --local --unset-all 'core.sshCommand' || :"
2026-09-11T01:50:17.1899127Z Removing HTTP extra header
2026-09-11T01:50:17.1904170Z [command]/usr/bin/git config --local --name-only --get-regexp http\.https\:\/\/github\.com\/\.extraheader
2026-09-11T01:50:17.1945566Z [command]/usr/bin/git submodule foreach --recursive sh -c "git config --local --name-only --get-regexp 'http\.https\:\/\/github\.com\/\.extraheader' && git config --local --unset-all 'http.https://github.com/.extraheader' || :"
2026-09-11T01:50:17.2208446Z Removing includeIf entries pointing to credentials config files
2026-09-11T01:50:17.2209259Z [command]/usr/bin/git config --local --name-only --get-regexp ^includeIf\.gitdir:
2026-09-11T01:50:17.2255543Z includeif.gitdir:/home/runner/work/brasileirao-predictor/brasileirao-predictor/.git.path
2026-09-11T01:50:17.2256587Z includeif.gitdir:/home/runner/work/brasileirao-predictor/brasileirao-predictor/.git/worktrees/*.path
2026-09-11T01:50:17.2257271Z includeif.gitdir:/github/workspace/.git.path
2026-09-11T01:50:17.2257784Z includeif.gitdir:/github/workspace/.git/worktrees/*.path
2026-09-11T01:50:17.2266275Z [command]/usr/bin/git config --local --get-all includeif.gitdir:/home/runner/work/brasileirao-predictor/brasileirao-predictor/.git.path
2026-09-11T01:50:17.2296917Z /home/runner/work/_temp/git-credentials-63044943-1338-463a-821b-af215c61b3e5.config
2026-09-11T01:50:17.2315897Z [command]/usr/bin/git config --local --unset includeif.gitdir:/home/runner/work/brasileirao-predictor/brasileirao-predictor/.git.path \/home\/runner\/work\/_temp\/git\-credentials\-63044943\-1338\-463a\-821b\-af215c61b3e5\.config
2026-09-11T01:50:17.2383508Z [command]/usr/bin/git config --local --get-all includeif.gitdir:/home/runner/work/brasileirao-predictor/brasileirao-predictor/.git/worktrees/*.path
2026-09-11T01:50:17.2430786Z /home/runner/work/_temp/git-credentials-63044943-1338-463a-821b-af215c61b3e5.config
2026-09-11T01:50:17.2446979Z [command]/usr/bin/git config --local --unset includeif.gitdir:/home/runner/work/brasileirao-predictor/brasileirao-predictor/.git/worktrees/*.path \/home\/runner\/work\/_temp\/git\-credentials\-63044943\-1338\-463a\-821b\-af215c61b3e5\.config
2026-09-11T01:50:17.2504714Z [command]/usr/bin/git config --local --get-all includeif.gitdir:/github/workspace/.git.path
2026-09-11T01:50:17.2542755Z /github/runner_temp/git-credentials-63044943-1338-463a-821b-af215c61b3e5.config
2026-09-11T01:50:17.2565282Z [command]/usr/bin/git config --local --unset includeif.gitdir:/github/workspace/.git.path \/github\/runner_temp\/git\-credentials\-63044943\-1338\-463a\-821b\-af215c61b3e5\.config
2026-09-11T01:50:17.2615671Z [command]/usr/bin/git config --local --get-all includeif.gitdir:/github/workspace/.git/worktrees/*.path
2026-09-11T01:50:17.2701306Z /github/runner_temp/git-credentials-63044943-1338-463a-821b-af215c61b3e5.config
2026-09-11T01:50:17.2715861Z [command]/usr/bin/git config --local --unset includeif.gitdir:/github/workspace/.git/worktrees/*.path \/github\/runner_temp\/git\-credentials\-63044943\-1338\-463a\-821b\-af215c61b3e5\.config
2026-09-11T01:50:17.2769698Z [command]/usr/bin/git submodule foreach --recursive git config --local --show-origin --name-only --get-regexp remote.origin.url
2026-09-11T01:50:17.3053142Z Removing credentials config '/home/runner/work/_temp/git-credentials-63044943-1338-463a-821b-af215c61b3e5.config'
2026-09-11T01:50:17.3063223Z ##[endgroup]
2026-09-11T01:50:17.3343105Z ##[group]Run astral-sh/setup-uv@v7
2026-09-11T01:50:17.3343441Z with:
2026-09-11T01:50:17.3343952Z   version: 0.12.1
2026-09-11T01:50:17.3344255Z   activate-environment: false
2026-09-11T01:50:17.3344741Z   working-directory: /home/runner/work/brasileirao-predictor/brasileirao-predictor
2026-09-11T01:50:17.3347589Z   github-token: ***
2026-09-11T01:50:17.3347846Z   enable-cache: auto
2026-09-11T01:50:17.3348444Z   cache-dependency-glob: **/*requirements*.txt
**/*requirements*.in
**/*constraints*.txt
**/*constraints*.in
**/pyproject.toml
**/uv.lock
**/*.py.lock

2026-09-11T01:50:17.3349105Z   restore-cache: true
2026-09-11T01:50:17.3349359Z   save-cache: true
2026-09-11T01:50:17.3349598Z   prune-cache: true
2026-09-11T01:50:17.3349835Z   cache-python: false
2026-09-11T01:50:17.3350097Z   ignore-nothing-to-cache: false
2026-09-11T01:50:17.3350392Z   ignore-empty-workdir: false
2026-09-11T01:50:17.3350675Z   add-problem-matchers: true
2026-09-11T01:50:17.3351011Z   resolution-strategy: highest
2026-09-11T01:50:17.3351286Z ##[endgroup]
2026-09-11T01:50:17.5129722Z Fetching version data from https://raw.githubusercontent.com/astral-sh/versions/main/v1/uv.ndjson ...
2026-09-11T01:50:17.6005711Z Downloading uv from "https://releases.astral.sh/github/uv/releases/download/0.12.1/uv-x86_64-unknown-linux-gnu.tar.gz" ...
2026-09-11T01:50:17.8084144Z [command]/usr/bin/tar xz --warning=no-unknown-keyword --overwrite -C /home/runner/work/_temp/7bf1b1a4-a249-4419-bb14-80e12ed31e7f -f /home/runner/work/_temp/38bd345d-8cd1-4221-97a3-604108faa353
2026-09-11T01:50:18.2623964Z Added /home/runner/.local/bin to the path
2026-09-11T01:50:18.2627792Z Added /opt/hostedtoolcache/uv/0.12.1/x86_64 to the path
2026-09-11T01:50:18.2629234Z Set UV_PYTHON_INSTALL_DIR to /home/runner/work/_temp/uv-python-dir
2026-09-11T01:50:18.2630066Z Added /home/runner/work/_temp/uv-python-dir to the path
2026-09-11T01:50:18.2655189Z Set UV_CACHE_DIR to /home/runner/work/_temp/setup-uv-cache
2026-09-11T01:50:18.2655745Z Successfully installed uv version 0.12.1
2026-09-11T01:50:18.3734880Z Searching files using cache dependency glob: /home/runner/work/brasileirao-predictor/brasileirao-predictor/**/*requirements*.txt,/home/runner/work/brasileirao-predictor/brasileirao-predictor/**/*requirements*.in,/home/runner/work/brasileirao-predictor/brasileirao-predictor/**/*constraints*.txt,/home/runner/work/brasileirao-predictor/brasileirao-predictor/**/*constraints*.in,/home/runner/work/brasileirao-predictor/brasileirao-predictor/**/pyproject.toml,/home/runner/work/brasileirao-predictor/brasileirao-predictor/**/uv.lock,/home/runner/work/brasileirao-predictor/brasileirao-predictor/**/*.py.lock
2026-09-11T01:50:18.6317241Z /home/runner/work/brasileirao-predictor/brasileirao-predictor/pyproject.toml
2026-09-11T01:50:18.6593840Z /home/runner/work/brasileirao-predictor/brasileirao-predictor/uv.lock
2026-09-11T01:50:18.6602773Z Found 2 files to hash.
2026-09-11T01:50:18.6678862Z Trying to restore cache from GitHub Actions cache with key: setup-uv-2-x86_64-unknown-linux-gnu-ubuntu-24.04-unknown-pruned-5f30cb0e72f2eed540b5a45603843fe755586a8d2e9bf05b531a79f7a68c6d70
2026-09-11T01:50:18.7427050Z Cache hit for: setup-uv-2-x86_64-unknown-linux-gnu-ubuntu-24.04-unknown-pruned-5f30cb0e72f2eed540b5a45603843fe755586a8d2e9bf05b531a79f7a68c6d70
2026-09-11T01:50:18.7958272Z Received 84090 of 84090 (100.0%), 3.6 MBs/sec
2026-09-11T01:50:18.7964753Z Cache Size: ~0 MB (84090 B)
2026-09-11T01:50:18.7999552Z [command]/usr/bin/tar -xf /home/runner/work/_temp/a39ffdbf-29fb-49e8-801f-0acb699813aa/cache.tzst -P -C /home/runner/work/brasileirao-predictor/brasileirao-predictor --use-compress-program unzstd
2026-09-11T01:50:18.8089154Z Cache restored successfully
2026-09-11T01:50:18.8094221Z cache restored from GitHub Actions cache with key: setup-uv-2-x86_64-unknown-linux-gnu-ubuntu-24.04-unknown-pruned-5f30cb0e72f2eed540b5a45603843fe755586a8d2e9bf05b531a79f7a68c6d70
2026-09-11T01:50:18.8818425Z ##[group]Run actions/setup-python@v7
2026-09-11T01:50:18.8818776Z with:
2026-09-11T01:50:18.8818998Z   python-version: 3.14
2026-09-11T01:50:18.8819249Z   check-latest: false
2026-09-11T01:50:18.8821824Z   token: ***
2026-09-11T01:50:18.8822084Z   update-environment: true
2026-09-11T01:50:18.8822364Z   allow-prereleases: false
2026-09-11T01:50:18.8822633Z   freethreaded: false
2026-09-11T01:50:18.8822870Z env:
2026-09-11T01:50:18.8823166Z   UV_PYTHON_INSTALL_DIR: /home/runner/work/_temp/uv-python-dir
2026-09-11T01:50:18.8823864Z   UV_CACHE_DIR: /home/runner/work/_temp/setup-uv-cache
2026-09-11T01:50:18.8824332Z ##[endgroup]
2026-09-11T01:50:19.0092113Z ##[group]Installed versions
2026-09-11T01:50:19.0165997Z Successfully set up CPython (3.14.7)
2026-09-11T01:50:19.0166763Z ##[endgroup]
2026-09-11T01:50:19.0304392Z ##[group]Run uv sync --locked --all-extras
2026-09-11T01:50:19.0304842Z [36;1muv sync --locked --all-extras[0m
2026-09-11T01:50:19.0355389Z shell: /usr/bin/bash -e {0}
2026-09-11T01:50:19.0355702Z env:
2026-09-11T01:50:19.0356020Z   UV_PYTHON_INSTALL_DIR: /home/runner/work/_temp/uv-python-dir
2026-09-11T01:50:19.0356453Z   UV_CACHE_DIR: /home/runner/work/_temp/setup-uv-cache
2026-09-11T01:50:19.0356847Z   pythonLocation: /opt/hostedtoolcache/Python/3.14.7/x64
2026-09-11T01:50:19.0357294Z   PKG_CONFIG_PATH: /opt/hostedtoolcache/Python/3.14.7/x64/lib/pkgconfig
2026-09-11T01:50:19.0357739Z   Python_ROOT_DIR: /opt/hostedtoolcache/Python/3.14.7/x64
2026-09-11T01:50:19.0358140Z   Python2_ROOT_DIR: /opt/hostedtoolcache/Python/3.14.7/x64
2026-09-11T01:50:19.0358560Z   Python3_ROOT_DIR: /opt/hostedtoolcache/Python/3.14.7/x64
2026-09-11T01:50:19.0358953Z   LD_LIBRARY_PATH: /opt/hostedtoolcache/Python/3.14.7/x64/lib
2026-09-11T01:50:19.0359288Z ##[endgroup]
2026-09-11T01:50:19.5881514Z Using CPython 3.14.7 interpreter at: /opt/hostedtoolcache/Python/3.14.7/x64/bin/python3
2026-09-11T01:50:19.5882163Z Creating virtual environment at: .venv
2026-09-11T01:50:19.9317024Z Resolved 60 packages in 340ms
2026-09-11T01:50:19.9446712Z    Building brasileirao-predictor @ file:///home/runner/work/brasileirao-predictor/brasileirao-predictor
2026-09-11T01:50:19.9715284Z Downloading numpy (15.9MiB)
2026-09-11T01:50:19.9726334Z Downloading curl-cffi (12.9MiB)
2026-09-11T01:50:19.9809136Z Downloading lxml (5.0MiB)
2026-09-11T01:50:19.9817458Z Downloading pydantic-core (2.0MiB)
2026-09-11T01:50:19.9844386Z Downloading pygments (1.2MiB)
2026-09-11T01:50:19.9844913Z Downloading scipy (33.7MiB)
2026-09-11T01:50:19.9845389Z Downloading pandas (10.5MiB)
2026-09-11T01:50:19.9846182Z Downloading ruff (9.8MiB)
2026-09-11T01:50:19.9846610Z Downloading virtualenv (5.1MiB)
2026-09-11T01:50:19.9847066Z Downloading pyright (5.9MiB)
2026-09-11T01:50:19.9895299Z Downloading numba (3.7MiB)
2026-09-11T01:50:19.9954847Z Downloading llvmlite (57.1MiB)
2026-09-11T01:50:20.3440495Z  Downloaded pydantic-core
2026-09-11T01:50:20.5579803Z  Downloaded pygments
2026-09-11T01:50:20.7124849Z  Downloaded virtualenv
2026-09-11T01:50:20.7535870Z  Downloaded lxml
2026-09-11T01:50:20.9225961Z  Downloaded numba
2026-09-11T01:50:21.1461106Z  Downloaded ruff
2026-09-11T01:50:21.2065174Z       Built brasileirao-predictor @ file:///home/runner/work/brasileirao-predictor/brasileirao-predictor
2026-09-11T01:50:21.3081345Z  Downloaded curl-cffi
2026-09-11T01:50:21.4494220Z  Downloaded numpy
2026-09-11T01:50:21.7896533Z  Downloaded scipy
2026-09-11T01:50:22.0652000Z  Downloaded pandas
2026-09-11T01:50:22.0670351Z  Downloaded llvmlite
2026-09-11T01:50:22.4296868Z  Downloaded pyright
2026-09-11T01:50:22.4299881Z Prepared 56 packages in 2.49s
2026-09-11T01:50:22.5874132Z Installed 58 packages in 157ms
2026-09-11T01:50:22.5875574Z  + annotated-types==0.8.0
2026-09-11T01:50:22.5876156Z  + attrs==26.1.0
2026-09-11T01:50:22.5876583Z  + beautifulsoup4==4.15.0
2026-09-11T01:50:22.5877498Z  + brasileirao-predictor==0.1.0 (from file:///home/runner/work/brasileirao-predictor/brasileirao-predictor)
2026-09-11T01:50:22.5878379Z  + build==1.6.0
2026-09-11T01:50:22.5878747Z  + certifi==2026.7.22
2026-09-11T01:50:22.5879103Z  + cffi==2.1.1
2026-09-11T01:50:22.5879442Z  + cfgv==3.5.0
2026-09-11T01:50:22.5879773Z  + charset-normalizer==3.5.1
2026-09-11T01:50:22.5880130Z  + coverage==7.15.4
2026-09-11T01:50:22.5884466Z  + curl-cffi==0.16.3
2026-09-11T01:50:22.5884892Z  + distlib==0.4.3
2026-09-11T01:50:22.5885292Z  + filelock==3.32.4
2026-09-11T01:50:22.5885677Z  + hiredis==3.4.1
2026-09-11T01:50:22.5886064Z  + html5lib==1.1
2026-09-11T01:50:22.5886457Z  + identify==2.6.19
2026-09-11T01:50:22.5886830Z  + idna==3.19
2026-09-11T01:50:22.5887213Z  + iniconfig==2.3.0
2026-09-11T01:50:22.5887617Z  + jsonschema==4.26.0
2026-09-11T01:50:22.5888097Z  + jsonschema-specifications==2025.9.1
2026-09-11T01:50:22.5888619Z  + llvmlite==0.49.0
2026-09-11T01:50:22.5889007Z  + lxml==6.1.3
2026-09-11T01:50:22.5889726Z  + nodeenv==1.10.0
2026-09-11T01:50:22.5890112Z  + numba==0.67.0
2026-09-11T01:50:22.5890494Z  + numpy==2.5.2
2026-09-11T01:50:22.5890875Z  + packaging==26.3
2026-09-11T01:50:22.5891270Z  + pandas==3.0.5
2026-09-11T01:50:22.5891675Z  + platformdirs==4.11.4
2026-09-11T01:50:22.5892104Z  + pluggy==1.6.0
2026-09-11T01:50:22.5892513Z  + pre-commit==4.6.2
2026-09-11T01:50:22.5893822Z  + predictor-core==3.2.0 (from https://github.com/leonardosovienski/core-predictor/releases/download/v3.2.0/predictor_core-3.2.0-py3-none-any.whl)
2026-09-11T01:50:22.5895512Z  + predictor-ops==4.1.0 (from https://github.com/leonardosovienski/predictor-ops/releases/download/v4.1.0/predictor_ops-4.1.0-py3-none-any.whl)
2026-09-11T01:50:22.5896575Z  + pycparser==3.0
2026-09-11T01:50:22.5896933Z  + pydantic==2.13.5
2026-09-11T01:50:22.5897283Z  + pydantic-core==2.46.5
2026-09-11T01:50:22.5897677Z  + pydantic-settings==2.15.0
2026-09-11T01:50:22.5898072Z  + pygments==2.21.0
2026-09-11T01:50:22.5898412Z  + pyproject-hooks==1.2.0
2026-09-11T01:50:22.5898741Z  + pyright==1.1.411
2026-09-11T01:50:22.5899047Z  + pytest==9.1.1
2026-09-11T01:50:22.5899380Z  + python-dateutil==2.9.0.post0
2026-09-11T01:50:22.5899783Z  + python-discovery==1.5.3
2026-09-11T01:50:22.5900139Z  + python-dotenv==1.2.3
2026-09-11T01:50:22.5927753Z  + pyyaml==6.0.3
2026-09-11T01:50:22.5929380Z  + redis==8.1.0
2026-09-11T01:50:22.5929786Z  + referencing==0.37.0
2026-09-11T01:50:22.5930162Z  + requests==2.34.2
2026-09-11T01:50:22.5930523Z  + rpds-py==2026.6.3
2026-09-11T01:50:22.5930856Z  + ruff==0.16.6
2026-09-11T01:50:22.5931181Z  + scipy==1.18.1
2026-09-11T01:50:22.5931496Z  + six==1.17.0
2026-09-11T01:50:22.5931817Z  + soupsieve==2.9.2
2026-09-11T01:50:22.5932147Z  + truststore==0.10.4
2026-09-11T01:50:22.5932797Z  + typing-extensions==4.16.0
2026-09-11T01:50:22.5933203Z  + typing-inspection==0.4.4
2026-09-11T01:50:22.5933753Z  + urllib3==2.7.0
2026-09-11T01:50:22.5934108Z  + virtualenv==21.7.5
2026-09-11T01:50:22.5934462Z  + webencodings==0.6.1
2026-09-11T01:50:22.6057916Z ##[group]Run .venv/bin/python -I -B tools/publication_validation/run.py "$RUNNER_TEMP/python-synthetic"
2026-09-11T01:50:22.6058746Z [36;1m.venv/bin/python -I -B tools/publication_validation/run.py "$RUNNER_TEMP/python-synthetic"[0m
2026-09-11T01:50:22.6103205Z shell: /usr/bin/bash -e {0}
2026-09-11T01:50:22.6103499Z env:
2026-09-11T01:50:22.6103989Z   UV_PYTHON_INSTALL_DIR: /home/runner/work/_temp/uv-python-dir
2026-09-11T01:50:22.6104412Z   UV_CACHE_DIR: /home/runner/work/_temp/setup-uv-cache
2026-09-11T01:50:22.6104835Z   pythonLocation: /opt/hostedtoolcache/Python/3.14.7/x64
2026-09-11T01:50:22.6105339Z   PKG_CONFIG_PATH: /opt/hostedtoolcache/Python/3.14.7/x64/lib/pkgconfig
2026-09-11T01:50:22.6105774Z   Python_ROOT_DIR: /opt/hostedtoolcache/Python/3.14.7/x64
2026-09-11T01:50:22.6106174Z   Python2_ROOT_DIR: /opt/hostedtoolcache/Python/3.14.7/x64
2026-09-11T01:50:22.6106567Z   Python3_ROOT_DIR: /opt/hostedtoolcache/Python/3.14.7/x64
2026-09-11T01:50:22.6106986Z   LD_LIBRARY_PATH: /opt/hostedtoolcache/Python/3.14.7/x64/lib
2026-09-11T01:50:22.6107330Z ##[endgroup]
2026-09-11T01:50:32.8255207Z ........................................................................ [ 20%]
2026-09-11T01:50:32.9888460Z ........................................................................ [ 41%]
2026-09-11T01:50:33.2545446Z ........................................................................ [ 62%]
2026-09-11T01:50:35.1556700Z ........................................................................ [ 83%]
2026-09-11T01:50:35.5381423Z .........................................................                [100%]
2026-09-11T01:50:35.5382077Z 345 passed in 10.86s
2026-09-11T01:50:36.1907695Z ##[group]Run uv run ruff check tools/publication_validation
2026-09-11T01:50:36.1908175Z [36;1muv run ruff check tools/publication_validation[0m
2026-09-11T01:50:36.1908604Z [36;1muv run ruff format --check tools/publication_validation[0m
2026-09-11T01:50:36.1909024Z [36;1muv run pyright tools/publication_validation[0m
2026-09-11T01:50:36.1950286Z shell: /usr/bin/bash -e {0}
2026-09-11T01:50:36.1950566Z env:
2026-09-11T01:50:36.1950872Z   UV_PYTHON_INSTALL_DIR: /home/runner/work/_temp/uv-python-dir
2026-09-11T01:50:36.1951284Z   UV_CACHE_DIR: /home/runner/work/_temp/setup-uv-cache
2026-09-11T01:50:36.1951669Z   pythonLocation: /opt/hostedtoolcache/Python/3.14.7/x64
2026-09-11T01:50:36.1952108Z   PKG_CONFIG_PATH: /opt/hostedtoolcache/Python/3.14.7/x64/lib/pkgconfig
2026-09-11T01:50:36.1952532Z   Python_ROOT_DIR: /opt/hostedtoolcache/Python/3.14.7/x64
2026-09-11T01:50:36.1952916Z   Python2_ROOT_DIR: /opt/hostedtoolcache/Python/3.14.7/x64
2026-09-11T01:50:36.1953331Z   Python3_ROOT_DIR: /opt/hostedtoolcache/Python/3.14.7/x64
2026-09-11T01:50:36.1953931Z   LD_LIBRARY_PATH: /opt/hostedtoolcache/Python/3.14.7/x64/lib
2026-09-11T01:50:36.1954278Z ##[endgroup]
2026-09-11T01:50:36.2857653Z All checks passed!
2026-09-11T01:50:36.3192856Z 4 files already formatted
2026-09-11T01:50:37.9703271Z 0 errors, 0 warnings, 0 informations
2026-09-11T01:50:37.9952425Z WARNING: there is a new pyright version available (v1.1.411 -> v1.1.414).
2026-09-11T01:50:37.9953359Z Please install the new version or set PYRIGHT_PYTHON_FORCE_VERSION to `latest`
2026-09-11T01:50:37.9954063Z 
2026-09-11T01:50:38.0189717Z ##[group]Run uv build
2026-09-11T01:50:38.0190015Z [36;1muv build[0m
2026-09-11T01:50:38.0190262Z [36;1muv venv "$RUNNER_TEMP/installed"[0m
2026-09-11T01:50:38.0190761Z [36;1muv pip install --python "$RUNNER_TEMP/installed/bin/python" --no-deps dist/*.whl[0m
2026-09-11T01:50:38.0191473Z [36;1mtest -f "$RUNNER_TEMP/installed/lib/python3.14/site-packages/brasileirao_predictor/kernel_cli.py"[0m
2026-09-11T01:50:38.0234845Z shell: /usr/bin/bash -e {0}
2026-09-11T01:50:38.0235127Z env:
2026-09-11T01:50:38.0235645Z   UV_PYTHON_INSTALL_DIR: /home/runner/work/_temp/uv-python-dir
2026-09-11T01:50:38.0236075Z   UV_CACHE_DIR: /home/runner/work/_temp/setup-uv-cache
2026-09-11T01:50:38.0236474Z   pythonLocation: /opt/hostedtoolcache/Python/3.14.7/x64
2026-09-11T01:50:38.0236933Z   PKG_CONFIG_PATH: /opt/hostedtoolcache/Python/3.14.7/x64/lib/pkgconfig
2026-09-11T01:50:38.0237362Z   Python_ROOT_DIR: /opt/hostedtoolcache/Python/3.14.7/x64
2026-09-11T01:50:38.0237790Z   Python2_ROOT_DIR: /opt/hostedtoolcache/Python/3.14.7/x64
2026-09-11T01:50:38.0238172Z   Python3_ROOT_DIR: /opt/hostedtoolcache/Python/3.14.7/x64
2026-09-11T01:50:38.0238555Z   LD_LIBRARY_PATH: /opt/hostedtoolcache/Python/3.14.7/x64/lib
2026-09-11T01:50:38.0238895Z ##[endgroup]
2026-09-11T01:50:38.0445206Z Building source distribution...
2026-09-11T01:50:43.0410536Z Building wheel from source distribution...
2026-09-11T01:50:43.5418383Z Successfully built dist/brasileirao_predictor-0.1.0.tar.gz
2026-09-11T01:50:43.5418962Z Successfully built dist/brasileirao_predictor-0.1.0-py3-none-any.whl
2026-09-11T01:50:43.5562913Z Using CPython 3.14.7 interpreter at: /opt/hostedtoolcache/Python/3.14.7/x64/bin/python3
2026-09-11T01:50:43.5563794Z Creating virtual environment at: /home/runner/work/_temp/installed
2026-09-11T01:50:43.5569542Z Activate with: /home/runner/work/_temp/installed/bin/activate
2026-09-11T01:50:43.6349104Z Using Python 3.14.7 environment at: /home/runner/work/_temp/installed
2026-09-11T01:50:43.6369534Z Resolved 1 package in 1ms
2026-09-11T01:50:43.6564325Z Prepared 1 package in 19ms
2026-09-11T01:50:43.6621883Z Installed 1 package in 5ms
2026-09-11T01:50:43.6622714Z  + brasileirao-predictor==0.1.0 (from file:///home/runner/work/brasileirao-predictor/brasileirao-predictor/dist/brasileirao_predictor-0.1.0-py3-none-any.whl)
2026-09-11T01:50:43.6701848Z Node 20 is being deprecated. This workflow is running with Node 24 by default. If you need to temporarily use Node 20, you can set the ACTIONS_ALLOW_USE_UNSECURE_NODE_VERSION=true environment variable. For more information see: https://github.blog/changelog/2025-09-19-deprecation-of-node-20-on-github-actions-runners/
2026-09-11T01:50:43.6703172Z ##[group]Run actions/upload-artifact@v4
2026-09-11T01:50:43.6703469Z with:
2026-09-11T01:50:43.6703969Z   name: python-validation-3.14
2026-09-11T01:50:43.6704306Z   path: /home/runner/work/_temp/python-synthetic
dist

2026-09-11T01:50:43.6704641Z   if-no-files-found: warn
2026-09-11T01:50:43.6704891Z   compression-level: 6
2026-09-11T01:50:43.6705134Z   overwrite: false
2026-09-11T01:50:43.6705383Z   include-hidden-files: false
2026-09-11T01:50:43.6705634Z env:
2026-09-11T01:50:43.6705913Z   UV_PYTHON_INSTALL_DIR: /home/runner/work/_temp/uv-python-dir
2026-09-11T01:50:43.6706317Z   UV_CACHE_DIR: /home/runner/work/_temp/setup-uv-cache
2026-09-11T01:50:43.6706741Z   pythonLocation: /opt/hostedtoolcache/Python/3.14.7/x64
2026-09-11T01:50:43.6707174Z   PKG_CONFIG_PATH: /opt/hostedtoolcache/Python/3.14.7/x64/lib/pkgconfig
2026-09-11T01:50:43.6707603Z   Python_ROOT_DIR: /opt/hostedtoolcache/Python/3.14.7/x64
2026-09-11T01:50:43.6707995Z   Python2_ROOT_DIR: /opt/hostedtoolcache/Python/3.14.7/x64
2026-09-11T01:50:43.6708369Z   Python3_ROOT_DIR: /opt/hostedtoolcache/Python/3.14.7/x64
2026-09-11T01:50:43.6708745Z   LD_LIBRARY_PATH: /opt/hostedtoolcache/Python/3.14.7/x64/lib
2026-09-11T01:50:43.6709076Z ##[endgroup]
2026-09-11T01:50:43.8367771Z (node:2543) [DEP0040] DeprecationWarning: The `punycode` module is deprecated. Please use a userland alternative instead.
2026-09-11T01:50:43.8368678Z (Use `node --trace-deprecation ...` to show where the warning was created)
2026-09-11T01:50:44.0380007Z Multiple search paths detected. Calculating the least common ancestor of all paths
2026-09-11T01:50:44.0382284Z The least common ancestor is /home/runner/work. This will be the root directory of the artifact
2026-09-11T01:50:44.0383281Z With the provided path, there will be 626 files uploaded
2026-09-11T01:50:44.0389149Z Artifact name is valid!
2026-09-11T01:50:44.0390138Z Root directory input is valid!
2026-09-11T01:50:44.2551475Z Beginning upload of artifact content to blob storage
2026-09-11T01:50:44.8631992Z (node:2543) [DEP0169] DeprecationWarning: `url.parse()` behavior is not standardized and prone to errors that have security implications. Use the WHATWG URL API instead. CVEs are not issued for `url.parse()` vulnerabilities.
2026-09-11T01:50:45.0335350Z Uploaded bytes 8388608
2026-09-11T01:50:45.0823951Z Uploaded bytes 10607414
2026-09-11T01:50:45.0948298Z Finished uploading artifact content to blob storage!
2026-09-11T01:50:45.0949332Z SHA256 digest of uploaded artifact zip is fca3bd213828a7e6d34287e3f3c10e1e5975911314d8abe18d3b650b93cecf95
2026-09-11T01:50:45.0951595Z Finalizing artifact upload
2026-09-11T01:50:45.2968308Z Artifact python-validation-3.14.zip successfully finalized. Artifact ID 10181243863
2026-09-11T01:50:45.2969564Z Artifact python-validation-3.14 has been successfully uploaded! Final size is 10607414 bytes. Artifact ID is 10181243863
2026-09-11T01:50:45.2975774Z Artifact download URL: https://github.com/leonardosovienski/brasileirao-predictor/actions/runs/34552247397/artifacts/10181243863
2026-09-11T01:50:45.3211600Z Post job cleanup.
2026-09-11T01:50:45.4597512Z Post job cleanup.
2026-09-11T01:50:45.5802709Z UV_CACHE_DIR is already set to /home/runner/work/_temp/setup-uv-cache
2026-09-11T01:50:45.5809429Z UV_PYTHON_INSTALL_DIR is already set to /home/runner/work/_temp/uv-python-dir
2026-09-11T01:50:45.5810658Z Cache hit occurred on key setup-uv-2-x86_64-unknown-linux-gnu-ubuntu-24.04-unknown-pruned-5f30cb0e72f2eed540b5a45603843fe755586a8d2e9bf05b531a79f7a68c6d70, not saving cache.
2026-09-11T01:50:45.6462648Z Post job cleanup.
2026-09-11T01:50:45.7332103Z [command]/usr/bin/git version
2026-09-11T01:50:45.7379545Z git version 2.55.0
2026-09-11T01:50:45.7427702Z Temporarily overriding HOME='/home/runner/work/_temp/d785529d-b345-402a-81a0-40be4ec3c0ae' before making global git config changes
2026-09-11T01:50:45.7428666Z Adding repository directory to the temporary git global config as a safe directory
2026-09-11T01:50:45.7433452Z [command]/usr/bin/git config --global --add safe.directory /home/runner/work/brasileirao-predictor/brasileirao-predictor
2026-09-11T01:50:45.7468047Z Removing SSH command configuration
2026-09-11T01:50:45.7475139Z [command]/usr/bin/git config --local --name-only --get-regexp core\.sshCommand
2026-09-11T01:50:45.7511780Z [command]/usr/bin/git submodule foreach --recursive sh -c "git config --local --name-only --get-regexp 'core\.sshCommand' && git config --local --unset-all 'core.sshCommand' || :"
2026-09-11T01:50:45.7787348Z Removing HTTP extra header
2026-09-11T01:50:45.7795371Z [command]/usr/bin/git config --local --name-only --get-regexp http\.https\:\/\/github\.com\/\.extraheader
2026-09-11T01:50:45.7833079Z [command]/usr/bin/git submodule foreach --recursive sh -c "git config --local --name-only --get-regexp 'http\.https\:\/\/github\.com\/\.extraheader' && git config --local --unset-all 'http.https://github.com/.extraheader' || :"
2026-09-11T01:50:45.8144081Z Removing includeIf entries pointing to credentials config files
2026-09-11T01:50:45.8153756Z [command]/usr/bin/git config --local --name-only --get-regexp ^includeIf\.gitdir:
2026-09-11T01:50:45.8164591Z [command]/usr/bin/git submodule foreach --recursive git config --local --show-origin --name-only --get-regexp remote.origin.url
2026-09-11T01:50:45.8610245Z Cleaning up orphan processes
2026-09-11T01:50:45.8931356Z ##[warning]Node.js 20 is deprecated. The following actions target Node.js 20 but are being forced to run on Node.js 24: actions/upload-artifact@v4. For more information see: https://github.blog/changelog/2025-09-19-deprecation-of-node-20-on-github-actions-runners/
