2026-09-11T01:50:15.9703064Z Current runner version: '2.337.0'
2026-09-11T01:50:15.9727040Z ##[group]Runner Image Provisioner
2026-09-11T01:50:15.9727976Z Hosted Compute Agent
2026-09-11T01:50:15.9728644Z Version: 20260828.587
2026-09-11T01:50:15.9729308Z Commit: abac92662cab4cc7352de4f9f9d2e2419aad9c29
2026-09-11T01:50:15.9730048Z Build Date: 2026-08-28T16:44:25Z
2026-09-11T01:50:15.9730797Z Worker ID: {5da4759b-6ab7-402b-a610-0ed746e83ea2}
2026-09-11T01:50:15.9731573Z Azure Region: westcentralus
2026-09-11T01:50:15.9732264Z ##[endgroup]
2026-09-11T01:50:15.9734384Z ##[group]Operating System
2026-09-11T01:50:15.9735066Z Ubuntu
2026-09-11T01:50:15.9735712Z 24.04.5
2026-09-11T01:50:15.9736226Z LTS
2026-09-11T01:50:15.9736779Z ##[endgroup]
2026-09-11T01:50:15.9737406Z ##[group]Runner Image
2026-09-11T01:50:15.9738007Z Image: ubuntu-24.04
2026-09-11T01:50:15.9738609Z Version: 20260907.300.1
2026-09-11T01:50:15.9739938Z Included Software: https://github.com/actions/runner-images/blob/ubuntu24/20260907.300/images/ubuntu/Ubuntu2404-Readme.md
2026-09-11T01:50:15.9741991Z Image Release: https://github.com/actions/runner-images/releases/tag/ubuntu24%2F20260907.300
2026-09-11T01:50:15.9743037Z ##[endgroup]
2026-09-11T01:50:15.9744448Z ##[group]GITHUB_TOKEN Permissions
2026-09-11T01:50:15.9746574Z Contents: read
2026-09-11T01:50:15.9747270Z Metadata: read
2026-09-11T01:50:15.9747839Z ##[endgroup]
2026-09-11T01:50:15.9749855Z Secret source: Actions
2026-09-11T01:50:15.9750943Z Cache mode: write
2026-09-11T01:50:15.9751609Z Prepare workflow directory
2026-09-11T01:50:16.0094447Z Prepare all required actions
2026-09-11T01:50:16.0141829Z Getting action download info
2026-09-11T01:50:16.3444560Z Download action repository 'actions/checkout@v7' (SHA:3d3c42e5aac5ba805825da76410c181273ba90b1)
2026-09-11T01:50:16.4398680Z Download action repository 'astral-sh/setup-uv@v7' (SHA:37802adc94f370d6bfd71619e3f0bf239e1f3b78)
2026-09-11T01:50:17.2765378Z Download action repository 'actions/setup-python@v7' (SHA:5fda3b95a4ea91299a34e894583c3862153e4b97)
2026-09-11T01:50:17.3520977Z Download action repository 'actions/upload-artifact@v4' (SHA:ea165f8d65b6e75b540449e92b4886f43607fa02)
2026-09-11T01:50:17.6054543Z Complete job name: Synthetic Python 3.13
2026-09-11T01:50:17.6987128Z ##[group]Run actions/checkout@v7
2026-09-11T01:50:17.6988624Z with:
2026-09-11T01:50:17.6989533Z   persist-credentials: false
2026-09-11T01:50:17.6990767Z   repository: leonardosovienski/brasileirao-predictor
2026-09-11T01:50:17.7001044Z   token: ***
2026-09-11T01:50:17.7001936Z   ssh-strict: true
2026-09-11T01:50:17.7002840Z   ssh-user: git
2026-09-11T01:50:17.7004047Z   clean: true
2026-09-11T01:50:17.7005098Z   sparse-checkout-cone-mode: true
2026-09-11T01:50:17.7006195Z   fetch-depth: 1
2026-09-11T01:50:17.7007095Z   fetch-tags: false
2026-09-11T01:50:17.7008019Z   show-progress: true
2026-09-11T01:50:17.7008950Z   lfs: false
2026-09-11T01:50:17.7009809Z   submodules: false
2026-09-11T01:50:17.7010755Z   set-safe-directory: true
2026-09-11T01:50:17.7011804Z   allow-unsafe-pr-checkout: false
2026-09-11T01:50:17.7013205Z ##[endgroup]
2026-09-11T01:50:17.8007404Z Syncing repository: leonardosovienski/brasileirao-predictor
2026-09-11T01:50:17.8011947Z ##[group]Getting Git version info
2026-09-11T01:50:17.8015033Z Working directory is '/home/runner/work/brasileirao-predictor/brasileirao-predictor'
2026-09-11T01:50:17.8019059Z [command]/usr/bin/git version
2026-09-11T01:50:17.8055503Z git version 2.55.0
2026-09-11T01:50:17.8078432Z ##[endgroup]
2026-09-11T01:50:17.8089307Z Temporarily overriding HOME='/home/runner/work/_temp/2c6c60de-16b5-4902-a8c2-4d5a91802978' before making global git config changes
2026-09-11T01:50:17.8094325Z Adding repository directory to the temporary git global config as a safe directory
2026-09-11T01:50:17.8098862Z [command]/usr/bin/git config --global --add safe.directory /home/runner/work/brasileirao-predictor/brasileirao-predictor
2026-09-11T01:50:17.8155549Z Deleting the contents of '/home/runner/work/brasileirao-predictor/brasileirao-predictor'
2026-09-11T01:50:17.8160290Z ##[group]Determining repository object format
2026-09-11T01:50:17.8164038Z ##[endgroup]
2026-09-11T01:50:17.8167512Z ##[group]Initializing the repository
2026-09-11T01:50:17.8171678Z [command]/usr/bin/git init /home/runner/work/brasileirao-predictor/brasileirao-predictor
2026-09-11T01:50:17.8282288Z hint: Using 'master' as the name for the initial branch. This default branch name
2026-09-11T01:50:17.8286088Z hint: will change to "main" in Git 3.0. To configure the initial branch name
2026-09-11T01:50:17.8288328Z hint: to use in all of your new repositories, which will suppress this warning,
2026-09-11T01:50:17.8289847Z hint: call:
2026-09-11T01:50:17.8290668Z hint:
2026-09-11T01:50:17.8291661Z hint: 	git config --global init.defaultBranch <name>
2026-09-11T01:50:17.8292897Z hint:
2026-09-11T01:50:17.8294665Z hint: Names commonly chosen instead of 'master' are 'main', 'trunk' and
2026-09-11T01:50:17.8297007Z hint: 'development'. The just-created branch can be renamed via this command:
2026-09-11T01:50:17.8298596Z hint:
2026-09-11T01:50:17.8299909Z hint: 	git branch -m <name>
2026-09-11T01:50:17.8300880Z hint:
2026-09-11T01:50:17.8302151Z hint: Disable this message with "git config set advice.defaultBranchName false"
2026-09-11T01:50:17.8304949Z Initialized empty Git repository in /home/runner/work/brasileirao-predictor/brasileirao-predictor/.git/
2026-09-11T01:50:17.8310899Z [command]/usr/bin/git remote add origin https://github.com/leonardosovienski/brasileirao-predictor
2026-09-11T01:50:17.8348824Z ##[endgroup]
2026-09-11T01:50:17.8350652Z ##[group]Disabling automatic garbage collection
2026-09-11T01:50:17.8352823Z [command]/usr/bin/git config --local gc.auto 0
2026-09-11T01:50:17.8385635Z ##[endgroup]
2026-09-11T01:50:17.8387750Z ##[group]Setting up auth
2026-09-11T01:50:17.8389013Z Removing SSH command configuration
2026-09-11T01:50:17.8391493Z [command]/usr/bin/git config --local --name-only --get-regexp core\.sshCommand
2026-09-11T01:50:17.8424692Z [command]/usr/bin/git submodule foreach --recursive sh -c "git config --local --name-only --get-regexp 'core\.sshCommand' && git config --local --unset-all 'core.sshCommand' || :"
2026-09-11T01:50:17.8787626Z Removing HTTP extra header
2026-09-11T01:50:17.8796536Z [command]/usr/bin/git config --local --name-only --get-regexp http\.https\:\/\/github\.com\/\.extraheader
2026-09-11T01:50:17.8831591Z [command]/usr/bin/git submodule foreach --recursive sh -c "git config --local --name-only --get-regexp 'http\.https\:\/\/github\.com\/\.extraheader' && git config --local --unset-all 'http.https://github.com/.extraheader' || :"
2026-09-11T01:50:17.9059610Z Removing includeIf entries pointing to credentials config files
2026-09-11T01:50:17.9064198Z [command]/usr/bin/git config --local --name-only --get-regexp ^includeIf\.gitdir:
2026-09-11T01:50:17.9101946Z [command]/usr/bin/git submodule foreach --recursive git config --local --show-origin --name-only --get-regexp remote.origin.url
2026-09-11T01:50:17.9333148Z [command]/usr/bin/git config --file /home/runner/work/_temp/git-credentials-dc514f50-7553-41de-a708-a8baa52a0c46.config http.https://github.com/.extraheader AUTHORIZATION: basic ***
2026-09-11T01:50:17.9374032Z [command]/usr/bin/git config --local includeIf.gitdir:/home/runner/work/brasileirao-predictor/brasileirao-predictor/.git.path /home/runner/work/_temp/git-credentials-dc514f50-7553-41de-a708-a8baa52a0c46.config
2026-09-11T01:50:17.9414183Z [command]/usr/bin/git config --local includeIf.gitdir:/home/runner/work/brasileirao-predictor/brasileirao-predictor/.git/worktrees/*.path /home/runner/work/_temp/git-credentials-dc514f50-7553-41de-a708-a8baa52a0c46.config
2026-09-11T01:50:17.9455987Z [command]/usr/bin/git config --local includeIf.gitdir:/github/workspace/.git.path /github/runner_temp/git-credentials-dc514f50-7553-41de-a708-a8baa52a0c46.config
2026-09-11T01:50:17.9492451Z [command]/usr/bin/git config --local includeIf.gitdir:/github/workspace/.git/worktrees/*.path /github/runner_temp/git-credentials-dc514f50-7553-41de-a708-a8baa52a0c46.config
2026-09-11T01:50:17.9522629Z ##[endgroup]
2026-09-11T01:50:17.9524269Z ##[group]Fetching the repository
2026-09-11T01:50:17.9529951Z [command]/usr/bin/git -c protocol.version=2 fetch --no-tags --prune --no-recurse-submodules --depth=1 origin +cc38b57bd3ba6f8c2cbdce6353eaf085d4ece14f:refs/remotes/origin/publication-validation-20260910
2026-09-11T01:50:19.6461266Z From https://github.com/leonardosovienski/brasileirao-predictor
2026-09-11T01:50:19.6462668Z  * [new ref]         cc38b57bd3ba6f8c2cbdce6353eaf085d4ece14f -> origin/publication-validation-20260910
2026-09-11T01:50:19.6470007Z [command]/usr/bin/git branch --list --remote origin/publication-validation-20260910
2026-09-11T01:50:19.6498914Z   origin/publication-validation-20260910
2026-09-11T01:50:19.6566933Z [command]/usr/bin/git rev-parse refs/remotes/origin/publication-validation-20260910
2026-09-11T01:50:19.6567889Z cc38b57bd3ba6f8c2cbdce6353eaf085d4ece14f
2026-09-11T01:50:19.6569169Z ##[endgroup]
2026-09-11T01:50:19.6569645Z ##[group]Determining the checkout info
2026-09-11T01:50:19.6570209Z ##[endgroup]
2026-09-11T01:50:19.6570513Z [command]/usr/bin/git sparse-checkout disable
2026-09-11T01:50:19.6608595Z [command]/usr/bin/git config --local --unset-all extensions.worktreeConfig
2026-09-11T01:50:19.6642479Z ##[group]Checking out the ref
2026-09-11T01:50:19.6646908Z [command]/usr/bin/git checkout --progress --force -B publication-validation-20260910 refs/remotes/origin/publication-validation-20260910
2026-09-11T01:50:19.9348834Z Switched to a new branch 'publication-validation-20260910'
2026-09-11T01:50:19.9353337Z branch 'publication-validation-20260910' set up to track 'origin/publication-validation-20260910'.
2026-09-11T01:50:19.9381297Z ##[endgroup]
2026-09-11T01:50:19.9439074Z [command]/usr/bin/git log -1 --format=%H
2026-09-11T01:50:19.9470601Z cc38b57bd3ba6f8c2cbdce6353eaf085d4ece14f
2026-09-11T01:50:19.9482101Z ##[group]Removing auth
2026-09-11T01:50:19.9482669Z Removing SSH command configuration
2026-09-11T01:50:19.9487027Z [command]/usr/bin/git config --local --name-only --get-regexp core\.sshCommand
2026-09-11T01:50:19.9540638Z [command]/usr/bin/git submodule foreach --recursive sh -c "git config --local --name-only --get-regexp 'core\.sshCommand' && git config --local --unset-all 'core.sshCommand' || :"
2026-09-11T01:50:19.9765260Z Removing HTTP extra header
2026-09-11T01:50:19.9768927Z [command]/usr/bin/git config --local --name-only --get-regexp http\.https\:\/\/github\.com\/\.extraheader
2026-09-11T01:50:19.9804084Z [command]/usr/bin/git submodule foreach --recursive sh -c "git config --local --name-only --get-regexp 'http\.https\:\/\/github\.com\/\.extraheader' && git config --local --unset-all 'http.https://github.com/.extraheader' || :"
2026-09-11T01:50:20.0025195Z Removing includeIf entries pointing to credentials config files
2026-09-11T01:50:20.0029245Z [command]/usr/bin/git config --local --name-only --get-regexp ^includeIf\.gitdir:
2026-09-11T01:50:20.0061079Z includeif.gitdir:/home/runner/work/brasileirao-predictor/brasileirao-predictor/.git.path
2026-09-11T01:50:20.0062325Z includeif.gitdir:/home/runner/work/brasileirao-predictor/brasileirao-predictor/.git/worktrees/*.path
2026-09-11T01:50:20.0063251Z includeif.gitdir:/github/workspace/.git.path
2026-09-11T01:50:20.0064097Z includeif.gitdir:/github/workspace/.git/worktrees/*.path
2026-09-11T01:50:20.0069379Z [command]/usr/bin/git config --local --get-all includeif.gitdir:/home/runner/work/brasileirao-predictor/brasileirao-predictor/.git.path
2026-09-11T01:50:20.0095681Z /home/runner/work/_temp/git-credentials-dc514f50-7553-41de-a708-a8baa52a0c46.config
2026-09-11T01:50:20.0104746Z [command]/usr/bin/git config --local --unset includeif.gitdir:/home/runner/work/brasileirao-predictor/brasileirao-predictor/.git.path \/home\/runner\/work\/_temp\/git\-credentials\-dc514f50\-7553\-41de\-a708\-a8baa52a0c46\.config
2026-09-11T01:50:20.0146869Z [command]/usr/bin/git config --local --get-all includeif.gitdir:/home/runner/work/brasileirao-predictor/brasileirao-predictor/.git/worktrees/*.path
2026-09-11T01:50:20.0173105Z /home/runner/work/_temp/git-credentials-dc514f50-7553-41de-a708-a8baa52a0c46.config
2026-09-11T01:50:20.0181436Z [command]/usr/bin/git config --local --unset includeif.gitdir:/home/runner/work/brasileirao-predictor/brasileirao-predictor/.git/worktrees/*.path \/home\/runner\/work\/_temp\/git\-credentials\-dc514f50\-7553\-41de\-a708\-a8baa52a0c46\.config
2026-09-11T01:50:20.0219136Z [command]/usr/bin/git config --local --get-all includeif.gitdir:/github/workspace/.git.path
2026-09-11T01:50:20.0294914Z /github/runner_temp/git-credentials-dc514f50-7553-41de-a708-a8baa52a0c46.config
2026-09-11T01:50:20.0320291Z [command]/usr/bin/git config --local --unset includeif.gitdir:/github/workspace/.git.path \/github\/runner_temp\/git\-credentials\-dc514f50\-7553\-41de\-a708\-a8baa52a0c46\.config
2026-09-11T01:50:20.0368137Z [command]/usr/bin/git config --local --get-all includeif.gitdir:/github/workspace/.git/worktrees/*.path
2026-09-11T01:50:20.0393867Z /github/runner_temp/git-credentials-dc514f50-7553-41de-a708-a8baa52a0c46.config
2026-09-11T01:50:20.0402301Z [command]/usr/bin/git config --local --unset includeif.gitdir:/github/workspace/.git/worktrees/*.path \/github\/runner_temp\/git\-credentials\-dc514f50\-7553\-41de\-a708\-a8baa52a0c46\.config
2026-09-11T01:50:20.0438846Z [command]/usr/bin/git submodule foreach --recursive git config --local --show-origin --name-only --get-regexp remote.origin.url
2026-09-11T01:50:20.0663244Z Removing credentials config '/home/runner/work/_temp/git-credentials-dc514f50-7553-41de-a708-a8baa52a0c46.config'
2026-09-11T01:50:20.0671307Z ##[endgroup]
2026-09-11T01:50:20.0931784Z ##[group]Run astral-sh/setup-uv@v7
2026-09-11T01:50:20.0932088Z with:
2026-09-11T01:50:20.0932283Z   version: 0.12.1
2026-09-11T01:50:20.0932511Z   activate-environment: false
2026-09-11T01:50:20.0932927Z   working-directory: /home/runner/work/brasileirao-predictor/brasileirao-predictor
2026-09-11T01:50:20.0936092Z   github-token: ***
2026-09-11T01:50:20.0936329Z   enable-cache: auto
2026-09-11T01:50:20.0936900Z   cache-dependency-glob: **/*requirements*.txt
**/*requirements*.in
**/*constraints*.txt
**/*constraints*.in
**/pyproject.toml
**/uv.lock
**/*.py.lock

2026-09-11T01:50:20.0937546Z   restore-cache: true
2026-09-11T01:50:20.0937767Z   save-cache: true
2026-09-11T01:50:20.0937979Z   prune-cache: true
2026-09-11T01:50:20.0938192Z   cache-python: false
2026-09-11T01:50:20.0938434Z   ignore-nothing-to-cache: false
2026-09-11T01:50:20.0938697Z   ignore-empty-workdir: false
2026-09-11T01:50:20.0938954Z   add-problem-matchers: true
2026-09-11T01:50:20.0939239Z   resolution-strategy: highest
2026-09-11T01:50:20.0939484Z ##[endgroup]
2026-09-11T01:50:20.2657929Z Fetching version data from https://raw.githubusercontent.com/astral-sh/versions/main/v1/uv.ndjson ...
2026-09-11T01:50:20.4086213Z Downloading uv from "https://releases.astral.sh/github/uv/releases/download/0.12.1/uv-x86_64-unknown-linux-gnu.tar.gz" ...
2026-09-11T01:50:20.7731611Z [command]/usr/bin/tar xz --warning=no-unknown-keyword --overwrite -C /home/runner/work/_temp/2e2a0bb7-fea5-4ac8-be8d-55b678bebf19 -f /home/runner/work/_temp/8d167624-49b6-4105-9e31-6da9c606bd13
2026-09-11T01:50:21.2118363Z Added /home/runner/.local/bin to the path
2026-09-11T01:50:21.2122246Z Added /opt/hostedtoolcache/uv/0.12.1/x86_64 to the path
2026-09-11T01:50:21.2124261Z Set UV_PYTHON_INSTALL_DIR to /home/runner/work/_temp/uv-python-dir
2026-09-11T01:50:21.2125025Z Added /home/runner/work/_temp/uv-python-dir to the path
2026-09-11T01:50:21.2152003Z Set UV_CACHE_DIR to /home/runner/work/_temp/setup-uv-cache
2026-09-11T01:50:21.2152655Z Successfully installed uv version 0.12.1
2026-09-11T01:50:21.3178451Z Searching files using cache dependency glob: /home/runner/work/brasileirao-predictor/brasileirao-predictor/**/*requirements*.txt,/home/runner/work/brasileirao-predictor/brasileirao-predictor/**/*requirements*.in,/home/runner/work/brasileirao-predictor/brasileirao-predictor/**/*constraints*.txt,/home/runner/work/brasileirao-predictor/brasileirao-predictor/**/*constraints*.in,/home/runner/work/brasileirao-predictor/brasileirao-predictor/**/pyproject.toml,/home/runner/work/brasileirao-predictor/brasileirao-predictor/**/uv.lock,/home/runner/work/brasileirao-predictor/brasileirao-predictor/**/*.py.lock
2026-09-11T01:50:21.6110672Z /home/runner/work/brasileirao-predictor/brasileirao-predictor/pyproject.toml
2026-09-11T01:50:21.6440286Z /home/runner/work/brasileirao-predictor/brasileirao-predictor/uv.lock
2026-09-11T01:50:21.6450144Z Found 2 files to hash.
2026-09-11T01:50:21.6521797Z Trying to restore cache from GitHub Actions cache with key: setup-uv-2-x86_64-unknown-linux-gnu-ubuntu-24.04-unknown-pruned-5f30cb0e72f2eed540b5a45603843fe755586a8d2e9bf05b531a79f7a68c6d70
2026-09-11T01:50:21.8169960Z Cache hit for: setup-uv-2-x86_64-unknown-linux-gnu-ubuntu-24.04-unknown-pruned-5f30cb0e72f2eed540b5a45603843fe755586a8d2e9bf05b531a79f7a68c6d70
2026-09-11T01:50:22.3236246Z Received 84090 of 84090 (100.0%), 0.3 MBs/sec
2026-09-11T01:50:22.3236833Z Cache Size: ~0 MB (84090 B)
2026-09-11T01:50:22.3260896Z [command]/usr/bin/tar -xf /home/runner/work/_temp/e627813e-ccd3-4482-9f34-005add94822b/cache.tzst -P -C /home/runner/work/brasileirao-predictor/brasileirao-predictor --use-compress-program unzstd
2026-09-11T01:50:22.3352432Z Cache restored successfully
2026-09-11T01:50:22.3357028Z cache restored from GitHub Actions cache with key: setup-uv-2-x86_64-unknown-linux-gnu-ubuntu-24.04-unknown-pruned-5f30cb0e72f2eed540b5a45603843fe755586a8d2e9bf05b531a79f7a68c6d70
2026-09-11T01:50:22.4061272Z ##[group]Run actions/setup-python@v7
2026-09-11T01:50:22.4061569Z with:
2026-09-11T01:50:22.4061774Z   python-version: 3.13
2026-09-11T01:50:22.4062009Z   check-latest: false
2026-09-11T01:50:22.4065058Z   token: ***
2026-09-11T01:50:22.4065282Z   update-environment: true
2026-09-11T01:50:22.4065537Z   allow-prereleases: false
2026-09-11T01:50:22.4065777Z   freethreaded: false
2026-09-11T01:50:22.4065993Z env:
2026-09-11T01:50:22.4066260Z   UV_PYTHON_INSTALL_DIR: /home/runner/work/_temp/uv-python-dir
2026-09-11T01:50:22.4066647Z   UV_CACHE_DIR: /home/runner/work/_temp/setup-uv-cache
2026-09-11T01:50:22.4066971Z ##[endgroup]
2026-09-11T01:50:22.5188571Z ##[group]Installed versions
2026-09-11T01:50:22.5273385Z Successfully set up CPython (3.13.15)
2026-09-11T01:50:22.5274380Z ##[endgroup]
2026-09-11T01:50:22.5420029Z ##[group]Run uv sync --locked --all-extras
2026-09-11T01:50:22.5420678Z [36;1muv sync --locked --all-extras[0m
2026-09-11T01:50:22.5478936Z shell: /usr/bin/bash -e {0}
2026-09-11T01:50:22.5479332Z env:
2026-09-11T01:50:22.5479765Z   UV_PYTHON_INSTALL_DIR: /home/runner/work/_temp/uv-python-dir
2026-09-11T01:50:22.5480403Z   UV_CACHE_DIR: /home/runner/work/_temp/setup-uv-cache
2026-09-11T01:50:22.5481009Z   pythonLocation: /opt/hostedtoolcache/Python/3.13.15/x64
2026-09-11T01:50:22.5481704Z   PKG_CONFIG_PATH: /opt/hostedtoolcache/Python/3.13.15/x64/lib/pkgconfig
2026-09-11T01:50:22.5482406Z   Python_ROOT_DIR: /opt/hostedtoolcache/Python/3.13.15/x64
2026-09-11T01:50:22.5483030Z   Python2_ROOT_DIR: /opt/hostedtoolcache/Python/3.13.15/x64
2026-09-11T01:50:22.5483940Z   Python3_ROOT_DIR: /opt/hostedtoolcache/Python/3.13.15/x64
2026-09-11T01:50:22.5484576Z   LD_LIBRARY_PATH: /opt/hostedtoolcache/Python/3.13.15/x64/lib
2026-09-11T01:50:22.5485104Z ##[endgroup]
2026-09-11T01:50:22.5701757Z Using CPython 3.13.15 interpreter at: /opt/hostedtoolcache/Python/3.13.15/x64/bin/python3
2026-09-11T01:50:22.5702576Z Creating virtual environment at: .venv
2026-09-11T01:50:23.0992054Z Resolved 60 packages in 526ms
2026-09-11T01:50:23.1162954Z    Building brasileirao-predictor @ file:///home/runner/work/brasileirao-predictor/brasileirao-predictor
2026-09-11T01:50:23.2059355Z Downloading pygments (1.2MiB)
2026-09-11T01:50:23.2061622Z Downloading curl-cffi (12.9MiB)
2026-09-11T01:50:23.2070483Z Downloading numba (3.7MiB)
2026-09-11T01:50:23.2071488Z Downloading lxml (5.0MiB)
2026-09-11T01:50:23.2073863Z Downloading ruff (9.8MiB)
2026-09-11T01:50:23.2079424Z Downloading pyright (5.9MiB)
2026-09-11T01:50:23.2080644Z Downloading virtualenv (5.1MiB)
2026-09-11T01:50:23.2082833Z Downloading pandas (10.4MiB)
2026-09-11T01:50:23.2085111Z Downloading numpy (15.9MiB)
2026-09-11T01:50:23.2087302Z Downloading pydantic-core (2.0MiB)
2026-09-11T01:50:23.2091230Z Downloading llvmlite (57.1MiB)
2026-09-11T01:50:23.2106266Z Downloading scipy (33.7MiB)
2026-09-11T01:50:23.6140053Z  Downloaded pydantic-core
2026-09-11T01:50:23.7370072Z  Downloaded pygments
2026-09-11T01:50:23.9610520Z  Downloaded virtualenv
2026-09-11T01:50:23.9708927Z  Downloaded lxml
2026-09-11T01:50:24.0133241Z  Downloaded numba
2026-09-11T01:50:24.3736119Z  Downloaded ruff
2026-09-11T01:50:24.6554884Z  Downloaded curl-cffi
2026-09-11T01:50:24.7557585Z  Downloaded numpy
2026-09-11T01:50:24.8075990Z       Built brasileirao-predictor @ file:///home/runner/work/brasileirao-predictor/brasileirao-predictor
2026-09-11T01:50:24.8977946Z  Downloaded pandas
2026-09-11T01:50:25.1653477Z  Downloaded scipy
2026-09-11T01:50:25.5352803Z  Downloaded llvmlite
2026-09-11T01:50:25.7922493Z  Downloaded pyright
2026-09-11T01:50:25.7926042Z Prepared 56 packages in 2.69s
2026-09-11T01:50:25.9398960Z Installed 58 packages in 147ms
2026-09-11T01:50:25.9400037Z  + annotated-types==0.8.0
2026-09-11T01:50:25.9400894Z  + attrs==26.1.0
2026-09-11T01:50:25.9401544Z  + beautifulsoup4==4.15.0
2026-09-11T01:50:25.9403170Z  + brasileirao-predictor==0.1.0 (from file:///home/runner/work/brasileirao-predictor/brasileirao-predictor)
2026-09-11T01:50:25.9404245Z  + build==1.6.0
2026-09-11T01:50:25.9404586Z  + certifi==2026.7.22
2026-09-11T01:50:25.9404936Z  + cffi==2.1.1
2026-09-11T01:50:25.9405256Z  + cfgv==3.5.0
2026-09-11T01:50:25.9405616Z  + charset-normalizer==3.5.1
2026-09-11T01:50:25.9406021Z  + coverage==7.15.4
2026-09-11T01:50:25.9406368Z  + curl-cffi==0.16.3
2026-09-11T01:50:25.9406712Z  + distlib==0.4.3
2026-09-11T01:50:25.9407112Z  + filelock==3.32.4
2026-09-11T01:50:25.9407693Z  + hiredis==3.4.1
2026-09-11T01:50:25.9408197Z  + html5lib==1.1
2026-09-11T01:50:25.9408893Z  + identify==2.6.19
2026-09-11T01:50:25.9409627Z  + idna==3.19
2026-09-11T01:50:25.9410156Z  + iniconfig==2.3.0
2026-09-11T01:50:25.9410870Z  + jsonschema==4.26.0
2026-09-11T01:50:25.9411427Z  + jsonschema-specifications==2025.9.1
2026-09-11T01:50:25.9411988Z  + llvmlite==0.49.0
2026-09-11T01:50:25.9412637Z  + lxml==6.1.3
2026-09-11T01:50:25.9413820Z  + nodeenv==1.10.0
2026-09-11T01:50:25.9414387Z  + numba==0.67.0
2026-09-11T01:50:25.9422746Z  + numpy==2.5.2
2026-09-11T01:50:25.9423113Z  + packaging==26.3
2026-09-11T01:50:25.9423467Z  + pandas==3.0.5
2026-09-11T01:50:25.9424047Z  + platformdirs==4.11.4
2026-09-11T01:50:25.9424422Z  + pluggy==1.6.0
2026-09-11T01:50:25.9424762Z  + pre-commit==4.6.2
2026-09-11T01:50:25.9425791Z  + predictor-core==3.2.0 (from https://github.com/leonardosovienski/core-predictor/releases/download/v3.2.0/predictor_core-3.2.0-py3-none-any.whl)
2026-09-11T01:50:25.9427519Z  + predictor-ops==4.1.0 (from https://github.com/leonardosovienski/predictor-ops/releases/download/v4.1.0/predictor_ops-4.1.0-py3-none-any.whl)
2026-09-11T01:50:25.9428663Z  + pycparser==3.0
2026-09-11T01:50:25.9429035Z  + pydantic==2.13.5
2026-09-11T01:50:25.9429393Z  + pydantic-core==2.46.5
2026-09-11T01:50:25.9429801Z  + pydantic-settings==2.15.0
2026-09-11T01:50:25.9430206Z  + pygments==2.21.0
2026-09-11T01:50:25.9430502Z  + pyproject-hooks==1.2.0
2026-09-11T01:50:25.9430738Z  + pyright==1.1.411
2026-09-11T01:50:25.9430953Z  + pytest==9.1.1
2026-09-11T01:50:25.9431169Z  + python-dateutil==2.9.0.post0
2026-09-11T01:50:25.9431428Z  + python-discovery==1.5.3
2026-09-11T01:50:25.9431668Z  + python-dotenv==1.2.3
2026-09-11T01:50:25.9431889Z  + pyyaml==6.0.3
2026-09-11T01:50:25.9432088Z  + redis==8.1.0
2026-09-11T01:50:25.9432292Z  + referencing==0.37.0
2026-09-11T01:50:25.9432511Z  + requests==2.34.2
2026-09-11T01:50:25.9432714Z  + rpds-py==2026.6.3
2026-09-11T01:50:25.9432924Z  + ruff==0.16.6
2026-09-11T01:50:25.9433116Z  + scipy==1.18.1
2026-09-11T01:50:25.9433307Z  + six==1.17.0
2026-09-11T01:50:25.9433505Z  + soupsieve==2.9.2
2026-09-11T01:50:25.9434022Z  + truststore==0.10.4
2026-09-11T01:50:25.9434554Z  + typing-extensions==4.16.0
2026-09-11T01:50:25.9452898Z  + typing-inspection==0.4.4
2026-09-11T01:50:25.9453300Z  + urllib3==2.7.0
2026-09-11T01:50:25.9453898Z  + virtualenv==21.7.5
2026-09-11T01:50:25.9454180Z  + webencodings==0.6.1
2026-09-11T01:50:25.9565731Z ##[group]Run .venv/bin/python -I -B tools/publication_validation/run.py "$RUNNER_TEMP/python-synthetic"
2026-09-11T01:50:25.9566513Z [36;1m.venv/bin/python -I -B tools/publication_validation/run.py "$RUNNER_TEMP/python-synthetic"[0m
2026-09-11T01:50:25.9602258Z shell: /usr/bin/bash -e {0}
2026-09-11T01:50:25.9602517Z env:
2026-09-11T01:50:25.9602803Z   UV_PYTHON_INSTALL_DIR: /home/runner/work/_temp/uv-python-dir
2026-09-11T01:50:25.9603273Z   UV_CACHE_DIR: /home/runner/work/_temp/setup-uv-cache
2026-09-11T01:50:25.9603957Z   pythonLocation: /opt/hostedtoolcache/Python/3.13.15/x64
2026-09-11T01:50:25.9604406Z   PKG_CONFIG_PATH: /opt/hostedtoolcache/Python/3.13.15/x64/lib/pkgconfig
2026-09-11T01:50:25.9604837Z   Python_ROOT_DIR: /opt/hostedtoolcache/Python/3.13.15/x64
2026-09-11T01:50:25.9605226Z   Python2_ROOT_DIR: /opt/hostedtoolcache/Python/3.13.15/x64
2026-09-11T01:50:25.9605622Z   Python3_ROOT_DIR: /opt/hostedtoolcache/Python/3.13.15/x64
2026-09-11T01:50:25.9606055Z   LD_LIBRARY_PATH: /opt/hostedtoolcache/Python/3.13.15/x64/lib
2026-09-11T01:50:25.9606392Z ##[endgroup]
2026-09-11T01:50:35.5254882Z ........................................................................ [ 20%]
2026-09-11T01:50:35.7120310Z ........................................................................ [ 41%]
2026-09-11T01:50:36.0201779Z ........................................................................ [ 62%]
2026-09-11T01:50:37.6067949Z ........................................................................ [ 83%]
2026-09-11T01:50:37.8839254Z .........................................................                [100%]
2026-09-11T01:50:37.8840043Z 345 passed in 10.31s
2026-09-11T01:50:38.1937096Z ##[group]Run uv run ruff check tools/publication_validation
2026-09-11T01:50:38.1937876Z [36;1muv run ruff check tools/publication_validation[0m
2026-09-11T01:50:38.1938585Z [36;1muv run ruff format --check tools/publication_validation[0m
2026-09-11T01:50:38.1939302Z [36;1muv run pyright tools/publication_validation[0m
2026-09-11T01:50:38.1993834Z shell: /usr/bin/bash -e {0}
2026-09-11T01:50:38.1994276Z env:
2026-09-11T01:50:38.1994746Z   UV_PYTHON_INSTALL_DIR: /home/runner/work/_temp/uv-python-dir
2026-09-11T01:50:38.1995420Z   UV_CACHE_DIR: /home/runner/work/_temp/setup-uv-cache
2026-09-11T01:50:38.1996070Z   pythonLocation: /opt/hostedtoolcache/Python/3.13.15/x64
2026-09-11T01:50:38.1996835Z   PKG_CONFIG_PATH: /opt/hostedtoolcache/Python/3.13.15/x64/lib/pkgconfig
2026-09-11T01:50:38.1997595Z   Python_ROOT_DIR: /opt/hostedtoolcache/Python/3.13.15/x64
2026-09-11T01:50:38.1998261Z   Python2_ROOT_DIR: /opt/hostedtoolcache/Python/3.13.15/x64
2026-09-11T01:50:38.1998997Z   Python3_ROOT_DIR: /opt/hostedtoolcache/Python/3.13.15/x64
2026-09-11T01:50:38.1999708Z   LD_LIBRARY_PATH: /opt/hostedtoolcache/Python/3.13.15/x64/lib
2026-09-11T01:50:38.2000285Z ##[endgroup]
2026-09-11T01:50:38.2331795Z All checks passed!
2026-09-11T01:50:38.2567550Z 4 files already formatted
2026-09-11T01:50:39.9489085Z 0 errors, 0 warnings, 0 informations
2026-09-11T01:50:39.9669904Z WARNING: there is a new pyright version available (v1.1.411 -> v1.1.414).
2026-09-11T01:50:39.9670856Z Please install the new version or set PYRIGHT_PYTHON_FORCE_VERSION to `latest`
2026-09-11T01:50:39.9671390Z 
2026-09-11T01:50:39.9858370Z ##[group]Run uv build
2026-09-11T01:50:39.9858666Z [36;1muv build[0m
2026-09-11T01:50:39.9858901Z [36;1muv venv "$RUNNER_TEMP/installed"[0m
2026-09-11T01:50:39.9859367Z [36;1muv pip install --python "$RUNNER_TEMP/installed/bin/python" --no-deps dist/*.whl[0m
2026-09-11T01:50:39.9860059Z [36;1mtest -f "$RUNNER_TEMP/installed/lib/python3.13/site-packages/brasileirao_predictor/kernel_cli.py"[0m
2026-09-11T01:50:39.9896516Z shell: /usr/bin/bash -e {0}
2026-09-11T01:50:39.9896951Z env:
2026-09-11T01:50:39.9897239Z   UV_PYTHON_INSTALL_DIR: /home/runner/work/_temp/uv-python-dir
2026-09-11T01:50:39.9897653Z   UV_CACHE_DIR: /home/runner/work/_temp/setup-uv-cache
2026-09-11T01:50:39.9898045Z   pythonLocation: /opt/hostedtoolcache/Python/3.13.15/x64
2026-09-11T01:50:39.9898483Z   PKG_CONFIG_PATH: /opt/hostedtoolcache/Python/3.13.15/x64/lib/pkgconfig
2026-09-11T01:50:39.9898915Z   Python_ROOT_DIR: /opt/hostedtoolcache/Python/3.13.15/x64
2026-09-11T01:50:39.9899352Z   Python2_ROOT_DIR: /opt/hostedtoolcache/Python/3.13.15/x64
2026-09-11T01:50:39.9899762Z   Python3_ROOT_DIR: /opt/hostedtoolcache/Python/3.13.15/x64
2026-09-11T01:50:39.9900168Z   LD_LIBRARY_PATH: /opt/hostedtoolcache/Python/3.13.15/x64/lib
2026-09-11T01:50:39.9900506Z ##[endgroup]
2026-09-11T01:50:40.0112032Z Building source distribution...
2026-09-11T01:50:44.8883191Z Building wheel from source distribution...
2026-09-11T01:50:45.3184050Z Successfully built dist/brasileirao_predictor-0.1.0.tar.gz
2026-09-11T01:50:45.3185064Z Successfully built dist/brasileirao_predictor-0.1.0-py3-none-any.whl
2026-09-11T01:50:45.3329946Z Using CPython 3.13.15 interpreter at: /opt/hostedtoolcache/Python/3.13.15/x64/bin/python3
2026-09-11T01:50:45.3330878Z Creating virtual environment at: /home/runner/work/_temp/installed
2026-09-11T01:50:45.3336934Z Activate with: /home/runner/work/_temp/installed/bin/activate
2026-09-11T01:50:45.3477987Z Using Python 3.13.15 environment at: /home/runner/work/_temp/installed
2026-09-11T01:50:45.3496129Z Resolved 1 package in 1ms
2026-09-11T01:50:45.3706915Z Prepared 1 package in 20ms
2026-09-11T01:50:45.3761620Z Installed 1 package in 5ms
2026-09-11T01:50:45.3762775Z  + brasileirao-predictor==0.1.0 (from file:///home/runner/work/brasileirao-predictor/brasileirao-predictor/dist/brasileirao_predictor-0.1.0-py3-none-any.whl)
2026-09-11T01:50:45.3838329Z Node 20 is being deprecated. This workflow is running with Node 24 by default. If you need to temporarily use Node 20, you can set the ACTIONS_ALLOW_USE_UNSECURE_NODE_VERSION=true environment variable. For more information see: https://github.blog/changelog/2025-09-19-deprecation-of-node-20-on-github-actions-runners/
2026-09-11T01:50:45.3839628Z ##[group]Run actions/upload-artifact@v4
2026-09-11T01:50:45.3839910Z with:
2026-09-11T01:50:45.3840124Z   name: python-validation-3.13
2026-09-11T01:50:45.3840445Z   path: /home/runner/work/_temp/python-synthetic
dist

2026-09-11T01:50:45.3840772Z   if-no-files-found: warn
2026-09-11T01:50:45.3841012Z   compression-level: 6
2026-09-11T01:50:45.3841229Z   overwrite: false
2026-09-11T01:50:45.3841456Z   include-hidden-files: false
2026-09-11T01:50:45.3841697Z env:
2026-09-11T01:50:45.3841962Z   UV_PYTHON_INSTALL_DIR: /home/runner/work/_temp/uv-python-dir
2026-09-11T01:50:45.3842345Z   UV_CACHE_DIR: /home/runner/work/_temp/setup-uv-cache
2026-09-11T01:50:45.3842750Z   pythonLocation: /opt/hostedtoolcache/Python/3.13.15/x64
2026-09-11T01:50:45.3843203Z   PKG_CONFIG_PATH: /opt/hostedtoolcache/Python/3.13.15/x64/lib/pkgconfig
2026-09-11T01:50:45.3843972Z   Python_ROOT_DIR: /opt/hostedtoolcache/Python/3.13.15/x64
2026-09-11T01:50:45.3844366Z   Python2_ROOT_DIR: /opt/hostedtoolcache/Python/3.13.15/x64
2026-09-11T01:50:45.3844754Z   Python3_ROOT_DIR: /opt/hostedtoolcache/Python/3.13.15/x64
2026-09-11T01:50:45.3845148Z   LD_LIBRARY_PATH: /opt/hostedtoolcache/Python/3.13.15/x64/lib
2026-09-11T01:50:45.3845472Z ##[endgroup]
2026-09-11T01:50:45.5463926Z (node:2598) [DEP0040] DeprecationWarning: The `punycode` module is deprecated. Please use a userland alternative instead.
2026-09-11T01:50:45.5465111Z (Use `node --trace-deprecation ...` to show where the warning was created)
2026-09-11T01:50:45.7819366Z Multiple search paths detected. Calculating the least common ancestor of all paths
2026-09-11T01:50:45.7821886Z The least common ancestor is /home/runner/work. This will be the root directory of the artifact
2026-09-11T01:50:45.7822841Z With the provided path, there will be 626 files uploaded
2026-09-11T01:50:45.7829102Z Artifact name is valid!
2026-09-11T01:50:45.7830000Z Root directory input is valid!
2026-09-11T01:50:46.1193175Z Beginning upload of artifact content to blob storage
2026-09-11T01:50:46.7650175Z (node:2598) [DEP0169] DeprecationWarning: `url.parse()` behavior is not standardized and prone to errors that have security implications. Use the WHATWG URL API instead. CVEs are not issued for `url.parse()` vulnerabilities.
2026-09-11T01:50:47.4657720Z Uploaded bytes 8388608
2026-09-11T01:50:47.5801310Z Uploaded bytes 10607449
2026-09-11T01:50:47.6701601Z Finished uploading artifact content to blob storage!
2026-09-11T01:50:47.6702692Z SHA256 digest of uploaded artifact zip is 4a5027cecd796229d8c6c8528bcba1836a48a9bb70c9f32cd04b87cba216f5b4
2026-09-11T01:50:47.6705136Z Finalizing artifact upload
2026-09-11T01:50:47.9065814Z Artifact python-validation-3.13.zip successfully finalized. Artifact ID 10181244805
2026-09-11T01:50:47.9067234Z Artifact python-validation-3.13 has been successfully uploaded! Final size is 10607449 bytes. Artifact ID is 10181244805
2026-09-11T01:50:47.9072555Z Artifact download URL: https://github.com/leonardosovienski/brasileirao-predictor/actions/runs/34552247397/artifacts/10181244805
2026-09-11T01:50:47.9288360Z Post job cleanup.
2026-09-11T01:50:48.0603101Z Post job cleanup.
2026-09-11T01:50:48.1790795Z UV_CACHE_DIR is already set to /home/runner/work/_temp/setup-uv-cache
2026-09-11T01:50:48.1797065Z UV_PYTHON_INSTALL_DIR is already set to /home/runner/work/_temp/uv-python-dir
2026-09-11T01:50:48.1799829Z Cache hit occurred on key setup-uv-2-x86_64-unknown-linux-gnu-ubuntu-24.04-unknown-pruned-5f30cb0e72f2eed540b5a45603843fe755586a8d2e9bf05b531a79f7a68c6d70, not saving cache.
2026-09-11T01:50:48.2455273Z Post job cleanup.
2026-09-11T01:50:48.3299325Z [command]/usr/bin/git version
2026-09-11T01:50:48.3354222Z git version 2.55.0
2026-09-11T01:50:48.3417084Z Temporarily overriding HOME='/home/runner/work/_temp/a2893154-5da2-447d-b246-1455face60a8' before making global git config changes
2026-09-11T01:50:48.3419973Z Adding repository directory to the temporary git global config as a safe directory
2026-09-11T01:50:48.3424715Z [command]/usr/bin/git config --global --add safe.directory /home/runner/work/brasileirao-predictor/brasileirao-predictor
2026-09-11T01:50:48.3466071Z Removing SSH command configuration
2026-09-11T01:50:48.3475480Z [command]/usr/bin/git config --local --name-only --get-regexp core\.sshCommand
2026-09-11T01:50:48.3535836Z [command]/usr/bin/git submodule foreach --recursive sh -c "git config --local --name-only --get-regexp 'core\.sshCommand' && git config --local --unset-all 'core.sshCommand' || :"
2026-09-11T01:50:48.3847658Z Removing HTTP extra header
2026-09-11T01:50:48.3855761Z [command]/usr/bin/git config --local --name-only --get-regexp http\.https\:\/\/github\.com\/\.extraheader
2026-09-11T01:50:48.3916341Z [command]/usr/bin/git submodule foreach --recursive sh -c "git config --local --name-only --get-regexp 'http\.https\:\/\/github\.com\/\.extraheader' && git config --local --unset-all 'http.https://github.com/.extraheader' || :"
2026-09-11T01:50:48.4254307Z Removing includeIf entries pointing to credentials config files
2026-09-11T01:50:48.4255197Z [command]/usr/bin/git config --local --name-only --get-regexp ^includeIf\.gitdir:
2026-09-11T01:50:48.4285045Z [command]/usr/bin/git submodule foreach --recursive git config --local --show-origin --name-only --get-regexp remote.origin.url
2026-09-11T01:50:48.4670086Z Cleaning up orphan processes
2026-09-11T01:50:48.4947935Z ##[warning]Node.js 20 is deprecated. The following actions target Node.js 20 but are being forced to run on Node.js 24: actions/upload-artifact@v4. For more information see: https://github.blog/changelog/2025-09-19-deprecation-of-node-20-on-github-actions-runners/
